<html>
<body>
<pre>
<h1>µVision Build Log</h1>
<h2>Tool Versions:</h2>
IDE-Version: µVision V5.25.2.0
Copyright (C) 2018 ARM Ltd and ARM Germany GmbH. All rights reserved.
License Information: Usman Ali Butt, Bahria University, LIC=----
 
Tool Versions:
Toolchain:       MDK-Lite  Version: 5.25.2.0
Toolchain Path:  C:\Keil_v5\ARM\ARMCC\Bin
C Compiler:      Armcc.exe V5.06 update 6 (build 750)
Assembler:       Armasm.exe V5.06 update 6 (build 750)
Linker/Locator:  ArmLink.exe V5.06 update 6 (build 750)
Library Manager: ArmAr.exe V5.06 update 6 (build 750)
Hex Converter:   FromElf.exe V5.06 update 6 (build 750)
CPU DLL:         SARMCM3.DLL V5.25.2.0
Dialog DLL:      DARMSTM.DLL V1.68.0.0
Target DLL:      STLink\ST-LINKIII-KEIL_SWO.dll V3.0.1.0
Dialog DLL:      TARMSTM.DLL V1.66.0.0
 
<h2>Project:</h2>
C:\Users\Usman Ali Butt\Desktop\Masters\Semester-3\System on Chip\Labs\Lab2\STM32F0-Discovery_FW_V1.0.0\Project\Peripheral_Examples\DAC_SignalsGeneration\MDK-ARM\DAC_SignalsGeneration.uvproj
Project File Date:  11/21/2019

<h2>Output:</h2>
*** Using Compiler 'V5.06 update 6 (build 750)', folder: 'C:\Keil_v5\ARM\ARMCC\Bin'
Rebuild target 'DAC_SignalsGeneration'
compiling stm32f0xx_it.c...
compiling main.c...
compiling system_stm32f0xx.c...
compiling stm32f0xx_lp_modes.c...
compiling stm32f0_discovery.c...
compiling stm32f0xx_rcc.c...
compiling stm32f0xx_syscfg.c...
compiling stm32f0xx_gpio.c...
compiling stm32f0xx_exti.c...
compiling stm32f0xx_misc.c...
compiling stm32f0xx_dma.c...
compiling stm32f0xx_tim.c...
compiling stm32f0xx_dac.c...
compiling stm32f0xx_pwr.c...
compiling stm32f0xx_adc.c...
compiling stm32f0xx_cec.c...
compiling stm32f0xx_comp.c...
compiling stm32f0xx_crc.c...
compiling stm32f0xx_dbgmcu.c...
compiling stm32f0xx_flash.c...
compiling stm32f0xx_iwdg.c...
compiling stm32f0xx_i2c.c...
assembling startup_stm32f0xx.s...
compiling stm32f0xx_wwdg.c...
compiling stm32f0xx_rtc.c...
linking...
Program Size: Code=3616 RO-data=328 RW-data=28 ZI-data=1092  
".\DAC_SignalsGeneration\DAC_SignalsGeneration.axf" - 0 Error(s), 0 Warning(s).
Build Time Elapsed:  00:00:05
</pre>
</body>
</html>
