<html>
<body>
<pre>
<h1>µVision Build Log</h1>
<h2>Project:</h2>
C:\ESEMPI-SW\STM32F0-Examples\FO-WiFi_Lib.v1.0.0\Project\STM32F0xx_StdPeriph_Templates\MDK-ARM\Project.uvproj
Project File Date:  11/18/2012

<h2>Output:</h2>
Build target 'STM320518-EVAL'
compiling main.c...
linking...
Program Size: Code=5060 RO-data=372 RW-data=1220 ZI-data=3100  
".\STM320518\STM320518-EVAL.axf" - 0 Error(s), 0 Warning(s).
Load "C:\\ESEMPI-SW\\STM32F0-Examples\\FO-WiFi_Lib.v1.0.0\\Project\\STM32F0xx_StdPeriph_Templates\\MDK-ARM\\STM320518\\STM320518-EVAL.AXF" 
Full Chip Erase Done.
Programming Done.
Verify OK.
Build target 'STM320518-EVAL'
compiling main.c...
linking...
Program Size: Code=5080 RO-data=372 RW-data=1220 ZI-data=3100  
".\STM320518\STM320518-EVAL.axf" - 0 Error(s), 0 Warning(s).
Load "C:\\ESEMPI-SW\\STM32F0-Examples\\FO-WiFi_Lib.v1.0.0\\Project\\STM32F0xx_StdPeriph_Templates\\MDK-ARM\\STM320518\\STM320518-EVAL.AXF" 
Full Chip Erase Done.
Programming Done.
Verify OK.
Build target 'STM320518-EVAL'
linking...
Program Size: Code=5080 RO-data=372 RW-data=1220 ZI-data=3100  
".\STM320518\STM320518-EVAL.axf" - 0 Error(s), 0 Warning(s).
Build target 'STM320518-EVAL'
compiling main.c...
linking...
Program Size: Code=4924 RO-data=372 RW-data=1220 ZI-data=3100  
".\STM320518\STM320518-EVAL.axf" - 0 Error(s), 0 Warning(s).
Load "C:\\ESEMPI-SW\\STM32F0-Examples\\FO-WiFi_Lib.v1.0.0\\Project\\STM32F0xx_StdPeriph_Templates\\MDK-ARM\\STM320518\\STM320518-EVAL.AXF" 
Full Chip Erase Done.
Programming Done.
Verify OK.
Rebuild target 'STM320518-EVAL'
compiling main.c...
compiling stm32f0xx_it.c...
compiling eeprom.c...
compiling stm32f0xx_adc.c...
compiling stm32f0xx_cec.c...
compiling stm32f0xx_comp.c...
compiling stm32f0xx_crc.c...
compiling stm32f0xx_dac.c...
compiling stm32f0xx_dbgmcu.c...
compiling stm32f0xx_dma.c...
compiling stm32f0xx_exti.c...
compiling stm32f0xx_flash.c...
compiling stm32f0xx_gpio.c...
compiling stm32f0xx_i2c.c...
compiling stm32f0xx_iwdg.c...
compiling stm32f0xx_misc.c...
compiling stm32f0xx_pwr.c...
compiling stm32f0xx_rcc.c...
compiling stm32f0xx_rtc.c...
compiling stm32f0xx_spi.c...
compiling stm32f0xx_syscfg.c...
compiling stm32f0xx_tim.c...
compiling stm32f0xx_usart.c...
compiling stm32f0xx_wwdg.c...
compiling system_stm32f0xx.c...
compiling stm320518_eval_lcd.c...
compiling stm320518_eval.c...
assembling startup_stm32f0xx.s...
linking...
Program Size: Code=4924 RO-data=372 RW-data=1220 ZI-data=3100  
".\STM320518\STM320518-EVAL.axf" - 0 Error(s), 0 Warning(s).
Load "C:\\ESEMPI-SW\\STM32F0-Examples\\FO-WiFi_Lib.v1.0.0\\Project\\STM32F0xx_StdPeriph_Templates\\MDK-ARM\\STM320518\\STM320518-EVAL.AXF" 
Full Chip Erase Done.
Programming Done.
Verify OK.
Build target 'STM320518-EVAL'
compiling main.c...
linking...
Program Size: Code=4720 RO-data=372 RW-data=1220 ZI-data=3100  
".\STM320518\STM320518-EVAL.axf" - 0 Error(s), 0 Warning(s).
Build target 'STM320518-EVAL'
linking...
Program Size: Code=4720 RO-data=372 RW-data=1220 ZI-data=3100  
".\STM320518\STM320518-EVAL.axf" - 0 Error(s), 0 Warning(s).
Load "C:\\ESEMPI-SW\\STM32F0-Examples\\FO-WiFi_Lib.v1.0.0\\Project\\STM32F0xx_StdPeriph_Templates\\MDK-ARM\\STM320518\\STM320518-EVAL.AXF" 
Full Chip Erase Done.
Programming Done.
Verify OK.
