Component: ARM Compiler 5.06 update 6 (build 750) Tool: armlink [4d35ed]

==============================================================================

Section Cross References

    main.o(i.Clr_RxBuffer) refers to main.o(i.Fill_Buffer) for Fill_Buffer
    main.o(i.Clr_RxBuffer) refers to main.o(.bss) for .bss
    main.o(i.Clr_RxBuffer) refers to main.o(.data) for .data
    main.o(i.ConfigureWiFi) refers to stm32f0xx_usart.o(i.USART_SendData) for USART_SendData
    main.o(i.ConfigureWiFi) refers to stm32f0xx_usart.o(i.USART_GetFlagStatus) for USART_GetFlagStatus
    main.o(i.ConfigureWiFi) refers to stm32f0xx_gpio.o(i.GPIO_SetBits) for GPIO_SetBits
    main.o(i.ConfigureWiFi) refers to main.o(i.Delay) for Delay
    main.o(i.ConfigureWiFi) refers to main.o(i.Search_B2inB1) for Search_B2inB1
    main.o(i.ConfigureWiFi) refers to stm32f0xx_gpio.o(i.GPIO_ResetBits) for GPIO_ResetBits
    main.o(i.ConfigureWiFi) refers to main.o(i.Fill_Buffer) for Fill_Buffer
    main.o(i.ConfigureWiFi) refers to main.o(.data) for .data
    main.o(i.ConfigureWiFi) refers to main.o(.bss) for .bss
    main.o(i.Delay) refers to main.o(.data) for .data
    main.o(i.LoadAppropite_LedPage) refers to stm32f0xx_usart.o(i.USART_SendData) for USART_SendData
    main.o(i.LoadAppropite_LedPage) refers to stm32f0xx_usart.o(i.USART_GetFlagStatus) for USART_GetFlagStatus
    main.o(i.LoadAppropite_LedPage) refers to main.o(i.Delay) for Delay
    main.o(i.LoadAppropite_LedPage) refers to main.o(i.Fill_Buffer) for Fill_Buffer
    main.o(i.LoadAppropite_LedPage) refers to stm32f0xx_gpio.o(i.GPIO_SetBits) for GPIO_SetBits
    main.o(i.LoadAppropite_LedPage) refers to main.o(i.Search_B2inB1) for Search_B2inB1
    main.o(i.LoadAppropite_LedPage) refers to stm32f0xx_gpio.o(i.GPIO_ResetBits) for GPIO_ResetBits
    main.o(i.LoadAppropite_LedPage) refers to main.o(.data) for .data
    main.o(i.LoadAppropite_LedPage) refers to main.o(.bss) for .bss
    main.o(i.NVIC_Config) refers to stm32f0xx_misc.o(i.NVIC_Init) for NVIC_Init
    main.o(i.PA0_InFloating) refers to stm32f0xx_rcc.o(i.RCC_AHBPeriphClockCmd) for RCC_AHBPeriphClockCmd
    main.o(i.PA0_InFloating) refers to stm32f0xx_gpio.o(i.GPIO_Init) for GPIO_Init
    main.o(i.PC6PC8andPC9output) refers to stm32f0xx_rcc.o(i.RCC_AHBPeriphClockCmd) for RCC_AHBPeriphClockCmd
    main.o(i.PC6PC8andPC9output) refers to stm32f0xx_gpio.o(i.GPIO_Init) for GPIO_Init
    main.o(i.ResetSTMWiFIModule) refers to stm32f0xx_usart.o(i.USART_SendData) for USART_SendData
    main.o(i.ResetSTMWiFIModule) refers to stm32f0xx_usart.o(i.USART_GetFlagStatus) for USART_GetFlagStatus
    main.o(i.ResetSTMWiFIModule) refers to main.o(i.Delay) for Delay
    main.o(i.ResetSTMWiFIModule) refers to main.o(i.Clr_RxBuffer) for Clr_RxBuffer
    main.o(i.ResetSTMWiFIModule) refers to stm32f0xx_gpio.o(i.GPIO_ResetBits) for GPIO_ResetBits
    main.o(i.ResetSTMWiFIModule) refers to main.o(i.Search_B2inB1) for Search_B2inB1
    main.o(i.ResetSTMWiFIModule) refers to main.o(i.LoadAppropite_LedPage) for LoadAppropite_LedPage
    main.o(i.ResetSTMWiFIModule) refers to main.o(.data) for .data
    main.o(i.ResetSTMWiFIModule) refers to main.o(.bss) for .bss
    main.o(i.ResetSTMWiFIModule_retainsLEDs) refers to main.o(i.ConfigureWiFi) for ConfigureWiFi
    main.o(i.ResetSTMWiFIModule_retainsLEDs) refers to main.o(i.Delay) for Delay
    main.o(i.ResetSTMWiFIModule_retainsLEDs) refers to main.o(i.Clr_RxBuffer) for Clr_RxBuffer
    main.o(i.ResetSTMWiFIModule_retainsLEDs) refers to stm32f0xx_gpio.o(i.GPIO_ResetBits) for GPIO_ResetBits
    main.o(i.ResetSTMWiFIModule_retainsLEDs) refers to main.o(i.LoadAppropite_LedPage) for LoadAppropite_LedPage
    main.o(i.ResetSTMWiFIModule_retainsLEDs) refers to main.o(.data) for .data
    main.o(i.STM_EVAL_COM_2_Init) refers to stm32f0xx_rcc.o(i.RCC_AHBPeriphClockCmd) for RCC_AHBPeriphClockCmd
    main.o(i.STM_EVAL_COM_2_Init) refers to stm32f0xx_rcc.o(i.RCC_APB1PeriphClockCmd) for RCC_APB1PeriphClockCmd
    main.o(i.STM_EVAL_COM_2_Init) refers to stm32f0xx_gpio.o(i.GPIO_PinAFConfig) for GPIO_PinAFConfig
    main.o(i.STM_EVAL_COM_2_Init) refers to stm32f0xx_gpio.o(i.GPIO_Init) for GPIO_Init
    main.o(i.STM_EVAL_COM_2_Init) refers to stm32f0xx_usart.o(i.USART_Init) for USART_Init
    main.o(i.STM_EVAL_COM_2_Init) refers to stm32f0xx_usart.o(i.USART_Cmd) for USART_Cmd
    main.o(i.TestRxCommand) refers to main.o(i.Search_B2inB1) for Search_B2inB1
    main.o(i.TestRxCommand) refers to stm32f0xx_gpio.o(i.GPIO_ResetBits) for GPIO_ResetBits
    main.o(i.TestRxCommand) refers to main.o(i.ResetSTMWiFIModule_retainsLEDs) for ResetSTMWiFIModule_retainsLEDs
    main.o(i.TestRxCommand) refers to main.o(i.BuffOneCH) for BuffOneCH
    main.o(i.TestRxCommand) refers to main.o(i.Clr_RxBuffer) for Clr_RxBuffer
    main.o(i.TestRxCommand) refers to main.o(i.Delay) for Delay
    main.o(i.TestRxCommand) refers to main.o(i.ConfigureWiFi) for ConfigureWiFi
[...]
    stm320518_eval_lcd.o(i.LCD_WriteReg) refers to stm32f0xx_spi.o(i.SPI_SendData8) for SPI_SendData8
    stm320518_eval_lcd.o(i.LCD_WriteReg) refers to stm32f0xx_spi.o(i.SPI_I2S_GetFlagStatus) for SPI_I2S_GetFlagStatus
    stm320518_eval_lcd.o(i.LCD_WriteReg) refers to stm320518_eval_lcd.o(i.LCD_CtrlLinesWrite) for LCD_CtrlLinesWrite
    stm320518_eval_lcd.o(i.LCD_WriteRegIndex) refers to stm320518_eval_lcd.o(i.LCD_nCS_StartByte) for LCD_nCS_StartByte
    stm320518_eval_lcd.o(i.LCD_WriteRegIndex) refers to stm32f0xx_spi.o(i.SPI_SendData8) for SPI_SendData8
    stm320518_eval_lcd.o(i.LCD_WriteRegIndex) refers to stm32f0xx_spi.o(i.SPI_I2S_GetFlagStatus) for SPI_I2S_GetFlagStatus
    stm320518_eval_lcd.o(i.LCD_WriteRegIndex) refers to stm320518_eval_lcd.o(i.LCD_CtrlLinesWrite) for LCD_CtrlLinesWrite
    stm320518_eval_lcd.o(i.LCD_nCS_StartByte) refers to stm320518_eval_lcd.o(i.LCD_CtrlLinesWrite) for LCD_CtrlLinesWrite
    stm320518_eval_lcd.o(i.LCD_nCS_StartByte) refers to stm32f0xx_spi.o(i.SPI_SendData8) for SPI_SendData8
    stm320518_eval_lcd.o(i.LCD_nCS_StartByte) refers to stm32f0xx_spi.o(i.SPI_I2S_GetFlagStatus) for SPI_I2S_GetFlagStatus
    stm320518_eval_lcd.o(i.PutPixel) refers to stm320518_eval_lcd.o(i.LCD_DrawLine) for LCD_DrawLine
    stm320518_eval_lcd.o(i.STM320518_LCD_Init) refers to stm320518_eval_lcd.o(i.LCD_Setup) for LCD_Setup
    stm320518_eval_lcd.o(i.STM320518_LCD_Init) refers to stm320518_eval_lcd.o(i.LCD_ReadReg) for LCD_ReadReg
    stm320518_eval_lcd.o(i.STM320518_LCD_Init) refers to stm320518_eval_lcd.o(.data) for .data
    stm320518_eval_lcd.o(.data) refers to stm320518_eval_lcd.o(.constdata) for ASCII16x24_Table
    stm320518_eval_lcd.o(.data) refers to stm320518_eval_lcd.o(.constdata) for ASCII12x12_Table
    stm320518_eval_lcd.o(.data) refers to stm320518_eval_lcd.o(.constdata) for ASCII8x12_Table
    stm320518_eval_lcd.o(.data) refers to stm320518_eval_lcd.o(.constdata) for ASCII8x8_Table
    stm320518_eval.o(i.LM75_LowLevel_DeInit) refers to stm32f0xx_i2c.o(i.I2C_Cmd) for I2C_Cmd
    stm320518_eval.o(i.LM75_LowLevel_DeInit) refers to stm32f0xx_i2c.o(i.I2C_DeInit) for I2C_DeInit
    stm320518_eval.o(i.LM75_LowLevel_DeInit) refers to stm32f0xx_rcc.o(i.RCC_APB1PeriphClockCmd) for RCC_APB1PeriphClockCmd
    stm320518_eval.o(i.LM75_LowLevel_DeInit) refers to stm32f0xx_gpio.o(i.GPIO_Init) for GPIO_Init
    stm320518_eval.o(i.LM75_LowLevel_Init) refers to stm32f0xx_rcc.o(i.RCC_APB1PeriphClockCmd) for RCC_APB1PeriphClockCmd
    stm320518_eval.o(i.LM75_LowLevel_Init) refers to stm32f0xx_rcc.o(i.RCC_I2CCLKConfig) for RCC_I2CCLKConfig
    stm320518_eval.o(i.LM75_LowLevel_Init) refers to stm32f0xx_rcc.o(i.RCC_AHBPeriphClockCmd) for RCC_AHBPeriphClockCmd
    stm320518_eval.o(i.LM75_LowLevel_Init) refers to stm32f0xx_gpio.o(i.GPIO_PinAFConfig) for GPIO_PinAFConfig
    stm320518_eval.o(i.LM75_LowLevel_Init) refers to stm32f0xx_gpio.o(i.GPIO_Init) for GPIO_Init
    stm320518_eval.o(i.SD_LowLevel_DeInit) refers to stm32f0xx_spi.o(i.SPI_Cmd) for SPI_Cmd
    stm320518_eval.o(i.SD_LowLevel_DeInit) refers to stm32f0xx_spi.o(i.SPI_I2S_DeInit) for SPI_I2S_DeInit
    stm320518_eval.o(i.SD_LowLevel_DeInit) refers to stm32f0xx_rcc.o(i.RCC_APB2PeriphClockCmd) for RCC_APB2PeriphClockCmd
    stm320518_eval.o(i.SD_LowLevel_DeInit) refers to stm32f0xx_gpio.o(i.GPIO_Init) for GPIO_Init
    stm320518_eval.o(i.SD_LowLevel_Init) refers to stm32f0xx_rcc.o(i.RCC_AHBPeriphClockCmd) for RCC_AHBPeriphClockCmd
    stm320518_eval.o(i.SD_LowLevel_Init) refers to stm32f0xx_rcc.o(i.RCC_APB2PeriphClockCmd) for RCC_APB2PeriphClockCmd
    stm320518_eval.o(i.SD_LowLevel_Init) refers to stm32f0xx_gpio.o(i.GPIO_Init) for GPIO_Init
    stm320518_eval.o(i.SD_LowLevel_Init) refers to stm32f0xx_gpio.o(i.GPIO_PinAFConfig) for GPIO_PinAFConfig
    stm320518_eval.o(i.SD_LowLevel_Init) refers to stm32f0xx_spi.o(i.SPI_Init) for SPI_Init
    stm320518_eval.o(i.SD_LowLevel_Init) refers to stm32f0xx_spi.o(i.SPI_RxFIFOThresholdConfig) for SPI_RxFIFOThresholdConfig
    stm320518_eval.o(i.SD_LowLevel_Init) refers to stm32f0xx_spi.o(i.SPI_Cmd) for SPI_Cmd
    stm320518_eval.o(i.STM_EVAL_COMInit) refers to stm32f0xx_rcc.o(i.RCC_AHBPeriphClockCmd) for RCC_AHBPeriphClockCmd
    stm320518_eval.o(i.STM_EVAL_COMInit) refers to stm32f0xx_rcc.o(i.RCC_APB2PeriphClockCmd) for RCC_APB2PeriphClockCmd
    stm320518_eval.o(i.STM_EVAL_COMInit) refers to stm32f0xx_gpio.o(i.GPIO_PinAFConfig) for GPIO_PinAFConfig
    stm320518_eval.o(i.STM_EVAL_COMInit) refers to stm32f0xx_gpio.o(i.GPIO_Init) for GPIO_Init
    stm320518_eval.o(i.STM_EVAL_COMInit) refers to stm32f0xx_usart.o(i.USART_Init) for USART_Init
    stm320518_eval.o(i.STM_EVAL_COMInit) refers to stm32f0xx_usart.o(i.USART_Cmd) for USART_Cmd
    stm320518_eval.o(i.STM_EVAL_COMInit) refers to stm320518_eval.o(.constdata) for .constdata
    stm320518_eval.o(i.STM_EVAL_COMInit) refers to stm320518_eval.o(.data) for .data
    stm320518_eval.o(i.STM_EVAL_LEDInit) refers to stm32f0xx_rcc.o(i.RCC_AHBPeriphClockCmd) for RCC_AHBPeriphClockCmd
    stm320518_eval.o(i.STM_EVAL_LEDInit) refers to stm32f0xx_gpio.o(i.GPIO_Init) for GPIO_Init
    stm320518_eval.o(i.STM_EVAL_LEDInit) refers to stm320518_eval.o(.constdata) for .constdata
    stm320518_eval.o(i.STM_EVAL_LEDInit) refers to stm320518_eval.o(.data) for .data
    stm320518_eval.o(i.STM_EVAL_LEDOff) refers to stm320518_eval.o(.constdata) for .constdata
    stm320518_eval.o(i.STM_EVAL_LEDOff) refers to stm320518_eval.o(.data) for .data
    stm320518_eval.o(i.STM_EVAL_LEDOn) refers to stm320518_eval.o(.constdata) for .constdata
    stm320518_eval.o(i.STM_EVAL_LEDOn) refers to stm320518_eval.o(.data) for .data
    stm320518_eval.o(i.STM_EVAL_LEDToggle) refers to stm320518_eval.o(.data) for .data
    stm320518_eval.o(i.STM_EVAL_LEDToggle) refers to stm320518_eval.o(.constdata) for .constdata
    stm320518_eval.o(i.STM_EVAL_PBGetState) refers to stm32f0xx_gpio.o(i.GPIO_ReadInputDataBit) for GPIO_ReadInputDataBit
    stm320518_eval.o(i.STM_EVAL_PBGetState) refers to stm320518_eval.o(.constdata) for .constdata
    stm320518_eval.o(i.STM_EVAL_PBGetState) refers to stm320518_eval.o(.data) for .data
    stm320518_eval.o(i.STM_EVAL_PBInit) refers to stm32f0xx_rcc.o(i.RCC_AHBPeriphClockCmd) for RCC_AHBPeriphClockCmd
    stm320518_eval.o(i.STM_EVAL_PBInit) refers to stm32f0xx_rcc.o(i.RCC_APB2PeriphClockCmd) for RCC_APB2PeriphClockCmd
    stm320518_eval.o(i.STM_EVAL_PBInit) refers to stm32f0xx_gpio.o(i.GPIO_Init) for GPIO_Init
    stm320518_eval.o(i.STM_EVAL_PBInit) refers to stm32f0xx_syscfg.o(i.SYSCFG_EXTILineConfig) for SYSCFG_EXTILineConfig
    stm320518_eval.o(i.STM_EVAL_PBInit) refers to stm32f0xx_exti.o(i.EXTI_Init) for EXTI_Init
    stm320518_eval.o(i.STM_EVAL_PBInit) refers to stm32f0xx_misc.o(i.NVIC_Init) for NVIC_Init
    stm320518_eval.o(i.STM_EVAL_PBInit) refers to stm320518_eval.o(.constdata) for .constdata
    stm320518_eval.o(i.STM_EVAL_PBInit) refers to stm320518_eval.o(.data) for .data
    stm320518_eval.o(i.sEE_LowLevel_DeInit) refers to stm32f0xx_i2c.o(i.I2C_Cmd) for I2C_Cmd
    stm320518_eval.o(i.sEE_LowLevel_DeInit) refers to stm32f0xx_i2c.o(i.I2C_DeInit) for I2C_DeInit
    stm320518_eval.o(i.sEE_LowLevel_DeInit) refers to stm32f0xx_rcc.o(i.RCC_APB1PeriphClockCmd) for RCC_APB1PeriphClockCmd
    stm320518_eval.o(i.sEE_LowLevel_DeInit) refers to stm32f0xx_gpio.o(i.GPIO_Init) for GPIO_Init
    stm320518_eval.o(i.sEE_LowLevel_Init) refers to stm32f0xx_rcc.o(i.RCC_I2CCLKConfig) for RCC_I2CCLKConfig
    stm320518_eval.o(i.sEE_LowLevel_Init) refers to stm32f0xx_rcc.o(i.RCC_AHBPeriphClockCmd) for RCC_AHBPeriphClockCmd
    stm320518_eval.o(i.sEE_LowLevel_Init) refers to stm32f0xx_rcc.o(i.RCC_APB1PeriphClockCmd) for RCC_APB1PeriphClockCmd
    stm320518_eval.o(i.sEE_LowLevel_Init) refers to stm32f0xx_gpio.o(i.GPIO_PinAFConfig) for GPIO_PinAFConfig
    stm320518_eval.o(i.sEE_LowLevel_Init) refers to stm32f0xx_gpio.o(i.GPIO_Init) for GPIO_Init
    startup_stm32f0xx.o(RESET) refers to startup_stm32f0xx.o(STACK) for __initial_sp
    startup_stm32f0xx.o(RESET) refers to startup_stm32f0xx.o(.text) for Reset_Handler
    startup_stm32f0xx.o(RESET) refers to stm32f0xx_it.o(i.NMI_Handler) for NMI_Handler
    startup_stm32f0xx.o(RESET) refers to stm32f0xx_it.o(i.HardFault_Handler) for HardFault_Handler
    startup_stm32f0xx.o(RESET) refers to stm32f0xx_it.o(i.SVC_Handler) for SVC_Handler
    startup_stm32f0xx.o(RESET) refers to stm32f0xx_it.o(i.PendSV_Handler) for PendSV_Handler
    startup_stm32f0xx.o(RESET) refers to stm32f0xx_it.o(i.SysTick_Handler) for SysTick_Handler
    startup_stm32f0xx.o(RESET) refers to stm32f0xx_it.o(i.USART1_IRQHandler) for USART1_IRQHandler
    startup_stm32f0xx.o(RESET) refers to stm32f0xx_it.o(i.USART2_IRQHandler) for USART2_IRQHandler
    startup_stm32f0xx.o(.text) refers to system_stm32f0xx.o(i.SystemInit) for SystemInit
    startup_stm32f0xx.o(.text) refers to entry.o(.ARM.Collect$$$$00000000) for __main
    entry.o(.ARM.Collect$$$$00000000) refers (Special) to entry10a.o(.ARM.Collect$$$$0000000D) for __rt_final_cpp
    entry.o(.ARM.Collect$$$$00000000) refers (Special) to entry11a.o(.ARM.Collect$$$$0000000F) for __rt_final_exit
    entry.o(.ARM.Collect$$$$00000000) refers (Special) to entry7b.o(.ARM.Collect$$$$00000008) for _main_clock
    entry.o(.ARM.Collect$$$$00000000) refers (Special) to entry8b.o(.ARM.Collect$$$$0000000A) for _main_cpp_init
    entry.o(.ARM.Collect$$$$00000000) refers (Special) to entry9a.o(.ARM.Collect$$$$0000000B) for _main_init
    entry.o(.ARM.Collect$$$$00000000) refers (Special) to entry5.o(.ARM.Collect$$$$00000004) for _main_scatterload
    entry.o(.ARM.Collect$$$$00000000) refers (Special) to entry2.o(.ARM.Collect$$$$00000001) for _main_stk
    idiv.o(.text) refers to uidiv.o(.text) for __aeabi_uidivmod
    dflti.o(.text) refers (Special) to iusefp.o(.text) for __I$use$fp
    dflti.o(.text) refers to depilogue.o(.text) for _double_epilogue
    dfltui.o(.text) refers (Special) to iusefp.o(.text) for __I$use$fp
    dfltui.o(.text) refers to depilogue.o(.text) for _double_epilogue
    cdcmple.o(.text) refers (Special) to iusefp.o(.text) for __I$use$fp
    cdrcmple.o(.text) refers (Special) to iusefp.o(.text) for __I$use$fp
    entry2.o(.ARM.Collect$$$$00000001) refers to entry2.o(.ARM.Collect$$$$00002712) for __lit__00000000
    entry2.o(.ARM.Collect$$$$00002712) refers to startup_stm32f0xx.o(STACK) for __initial_sp
    entry2.o(__vectab_stack_and_reset_area) refers to startup_stm32f0xx.o(STACK) for __initial_sp
    entry2.o(__vectab_stack_and_reset_area) refers to entry.o(.ARM.Collect$$$$00000000) for __main
    entry5.o(.ARM.Collect$$$$00000004) refers to init.o(.text) for __scatterload
    entry9a.o(.ARM.Collect$$$$0000000B) refers to main.o(i.main) for main
    entry9b.o(.ARM.Collect$$$$0000000C) refers to main.o(i.main) for main
    depilogue.o(.text) refers to depilogue.o(i.__ARM_clz) for __ARM_clz
    depilogue.o(.text) refers to llshl.o(.text) for __aeabi_llsl
    depilogue.o(.text) refers to llushr.o(.text) for __aeabi_llsr
    init.o(.text) refers to entry5.o(.ARM.Collect$$$$00000004) for __main_after_scatterload


==============================================================================

Removing Unused input sections from the image.

    Removing main.o(.rev16_text), (4 bytes).
    Removing main.o(.revsh_text), (4 bytes).
    Removing main.o(i.ResetSTMWiFIModule), (204 bytes).
    Removing main.o(.data), (5 bytes).
    Removing main.o(.data), (2 bytes).
    Removing main.o(.data), (1 bytes).
    Removing main.o(.data), (4 bytes).
    Removing main.o(.data), (2 bytes).
    Removing main.o(.data), (6 bytes).
    Removing main.o(.data), (6 bytes).
    Removing main.o(.data), (2 bytes).
    Removing main.o(.data), (2 bytes).
    Removing stm32f0xx_it.o(.rev16_text), (4 bytes).
    Removing stm32f0xx_it.o(.revsh_text), (4 bytes).
    Removing eeprom.o(.rev16_text), (4 bytes).
    Removing eeprom.o(.revsh_text), (4 bytes).
    Removing eeprom.o(i.EE_FindValidPage), (72 bytes).
    Removing eeprom.o(i.EE_Format), (44 bytes).
    Removing eeprom.o(i.EE_Init), (276 bytes).
    Removing eeprom.o(i.EE_PageTransfer), (152 bytes).
    Removing eeprom.o(i.EE_ReadVariable), (68 bytes).
    Removing eeprom.o(i.EE_VerifyPageFullWriteVariable), (76 bytes).
    Removing eeprom.o(i.EE_WriteVariable), (24 bytes).
    Removing eeprom.o(.data), (2 bytes).
    Removing stm32f0xx_adc.o(.rev16_text), (4 bytes).
    Removing stm32f0xx_adc.o(.revsh_text), (4 bytes).
    Removing stm32f0xx_adc.o(i.ADC_AnalogWatchdogCmd), (20 bytes).
    Removing stm32f0xx_adc.o(i.ADC_AnalogWatchdogSingleChannelCmd), (20 bytes).
    Removing stm32f0xx_adc.o(i.ADC_AnalogWatchdogSingleChannelConfig), (14 bytes).
    Removing stm32f0xx_adc.o(i.ADC_AnalogWatchdogThresholdsConfig), (8 bytes).
    Removing stm32f0xx_adc.o(i.ADC_AutoPowerOffCmd), (20 bytes).
    Removing stm32f0xx_adc.o(i.ADC_ChannelConfig), (10 bytes).
    Removing stm32f0xx_adc.o(i.ADC_ClearFlag), (4 bytes).
    Removing stm32f0xx_adc.o(i.ADC_ClearITPendingBit), (4 bytes).
    Removing stm32f0xx_adc.o(i.ADC_Cmd), (18 bytes).
    Removing stm32f0xx_adc.o(i.ADC_ContinuousModeCmd), (20 bytes).
    Removing stm32f0xx_adc.o(i.ADC_DMACmd), (20 bytes).
    Removing stm32f0xx_adc.o(i.ADC_DMARequestModeConfig), (16 bytes).
    Removing stm32f0xx_adc.o(i.ADC_DeInit), (32 bytes).
    Removing stm32f0xx_adc.o(i.ADC_DiscModeCmd), (20 bytes).
    Removing stm32f0xx_adc.o(i.ADC_GetCalibrationFactor), (46 bytes).
    Removing stm32f0xx_adc.o(i.ADC_GetConversionValue), (6 bytes).
    Removing stm32f0xx_adc.o(i.ADC_GetFlagStatus), (28 bytes).
    Removing stm32f0xx_adc.o(i.ADC_GetITStatus), (22 bytes).
    Removing stm32f0xx_adc.o(i.ADC_ITConfig), (16 bytes).
    Removing stm32f0xx_adc.o(i.ADC_Init), (44 bytes).
    Removing stm32f0xx_adc.o(i.ADC_JitterCmd), (16 bytes).
    Removing stm32f0xx_adc.o(i.ADC_OverrunModeCmd), (20 bytes).
    Removing stm32f0xx_adc.o(i.ADC_StartOfConversion), (10 bytes).
    Removing stm32f0xx_adc.o(i.ADC_StopOfConversion), (10 bytes).
    Removing stm32f0xx_adc.o(i.ADC_StructInit), (16 bytes).
    Removing stm32f0xx_adc.o(i.ADC_TempSensorCmd), (28 bytes).
    Removing stm32f0xx_adc.o(i.ADC_VbatCmd), (28 bytes).
    Removing stm32f0xx_adc.o(i.ADC_VrefintCmd), (28 bytes).
    Removing stm32f0xx_adc.o(i.ADC_WaitModeCmd), (20 bytes).
    Removing stm32f0xx_cec.o(.rev16_text), (4 bytes).
    Removing stm32f0xx_cec.o(.revsh_text), (4 bytes).
    Removing stm32f0xx_cec.o(i.CEC_ClearFlag), (12 bytes).
    Removing stm32f0xx_cec.o(i.CEC_ClearITPendingBit), (12 bytes).
    Removing stm32f0xx_cec.o(i.CEC_Cmd), (28 bytes).
    Removing stm32f0xx_cec.o(i.CEC_DeInit), (22 bytes).
    Removing stm32f0xx_cec.o(i.CEC_EndOfMessage), (16 bytes).
    Removing stm32f0xx_cec.o(i.CEC_GetFlagStatus), (20 bytes).
    Removing stm32f0xx_cec.o(i.CEC_GetITStatus), (28 bytes).
    Removing stm32f0xx_cec.o(i.CEC_ITConfig), (28 bytes).
    Removing stm32f0xx_cec.o(i.CEC_Init), (48 bytes).
    Removing stm32f0xx_cec.o(i.CEC_ListenModeCmd), (28 bytes).
    Removing stm32f0xx_cec.o(i.CEC_OwnAddressClear), (12 bytes).
    Removing stm32f0xx_cec.o(i.CEC_OwnAddressConfig), (20 bytes).
    Removing stm32f0xx_cec.o(i.CEC_ReceiveData), (12 bytes).
    Removing stm32f0xx_cec.o(i.CEC_SendData), (12 bytes).
    Removing stm32f0xx_cec.o(i.CEC_StartOfMessage), (16 bytes).
    Removing stm32f0xx_cec.o(i.CEC_StructInit), (18 bytes).
    Removing stm32f0xx_comp.o(.rev16_text), (4 bytes).
    Removing stm32f0xx_comp.o(.revsh_text), (4 bytes).
    Removing stm32f0xx_comp.o(i.COMP_Cmd), (28 bytes).
    Removing stm32f0xx_comp.o(i.COMP_DeInit), (12 bytes).
    Removing stm32f0xx_comp.o(i.COMP_GetOutputLevel), (32 bytes).
    Removing stm32f0xx_comp.o(i.COMP_Init), (44 bytes).
    Removing stm32f0xx_comp.o(i.COMP_LockConfig), (20 bytes).
    Removing stm32f0xx_comp.o(i.COMP_StructInit), (16 bytes).
    Removing stm32f0xx_comp.o(i.COMP_SwitchCmd), (24 bytes).
    Removing stm32f0xx_comp.o(i.COMP_WindowCmd), (24 bytes).
    Removing stm32f0xx_crc.o(.rev16_text), (4 bytes).
    Removing stm32f0xx_crc.o(.revsh_text), (4 bytes).
    Removing stm32f0xx_crc.o(i.CRC_CalcBlockCRC), (28 bytes).
    Removing stm32f0xx_crc.o(i.CRC_CalcCRC), (12 bytes).
    Removing stm32f0xx_crc.o(i.CRC_DeInit), (24 bytes).
    Removing stm32f0xx_crc.o(i.CRC_GetCRC), (12 bytes).
    Removing stm32f0xx_crc.o(i.CRC_GetIDRegister), (12 bytes).
    Removing stm32f0xx_crc.o(i.CRC_ResetDR), (12 bytes).
    Removing stm32f0xx_crc.o(i.CRC_ReverseInputDataSelect), (20 bytes).
    Removing stm32f0xx_crc.o(i.CRC_ReverseOutputDataCmd), (24 bytes).
    Removing stm32f0xx_crc.o(i.CRC_SetIDRegister), (12 bytes).
    Removing stm32f0xx_crc.o(i.CRC_SetInitRegister), (12 bytes).
    Removing stm32f0xx_dac.o(.rev16_text), (4 bytes).
    Removing stm32f0xx_dac.o(.revsh_text), (4 bytes).
    Removing stm32f0xx_dac.o(i.DAC_ClearFlag), (12 bytes).
    Removing stm32f0xx_dac.o(i.DAC_ClearITPendingBit), (12 bytes).
    Removing stm32f0xx_dac.o(i.DAC_Cmd), (28 bytes).
    Removing stm32f0xx_dac.o(i.DAC_DMACmd), (28 bytes).
    Removing stm32f0xx_dac.o(i.DAC_DeInit), (22 bytes).
    Removing stm32f0xx_dac.o(i.DAC_GetDataOutputValue), (24 bytes).
    Removing stm32f0xx_dac.o(i.DAC_GetFlagStatus), (24 bytes).
    Removing stm32f0xx_dac.o(i.DAC_GetITStatus), (32 bytes).
    Removing stm32f0xx_dac.o(i.DAC_ITConfig), (24 bytes).
    Removing stm32f0xx_dac.o(i.DAC_Init), (32 bytes).
    Removing stm32f0xx_dac.o(i.DAC_SetChannel1Data), (20 bytes).
    Removing stm32f0xx_dac.o(i.DAC_SoftwareTriggerCmd), (28 bytes).
    Removing stm32f0xx_dac.o(i.DAC_StructInit), (8 bytes).
    Removing stm32f0xx_dbgmcu.o(.rev16_text), (4 bytes).
    Removing stm32f0xx_dbgmcu.o(.revsh_text), (4 bytes).
    Removing stm32f0xx_dbgmcu.o(i.DBGMCU_APB1PeriphConfig), (24 bytes).
    Removing stm32f0xx_dbgmcu.o(i.DBGMCU_APB2PeriphConfig), (24 bytes).
    Removing stm32f0xx_dbgmcu.o(i.DBGMCU_Config), (24 bytes).
    Removing stm32f0xx_dbgmcu.o(i.DBGMCU_GetDEVID), (16 bytes).
    Removing stm32f0xx_dbgmcu.o(i.DBGMCU_GetREVID), (12 bytes).
    Removing stm32f0xx_dma.o(.rev16_text), (4 bytes).
    Removing stm32f0xx_dma.o(.revsh_text), (4 bytes).
    Removing stm32f0xx_dma.o(i.DMA_ClearFlag), (12 bytes).
    Removing stm32f0xx_dma.o(i.DMA_ClearITPendingBit), (12 bytes).
    Removing stm32f0xx_dma.o(i.DMA_Cmd), (24 bytes).
    Removing stm32f0xx_dma.o(i.DMA_DeInit), (108 bytes).
    Removing stm32f0xx_dma.o(i.DMA_GetCurrDataCounter), (6 bytes).
    Removing stm32f0xx_dma.o(i.DMA_GetFlagStatus), (20 bytes).
    Removing stm32f0xx_dma.o(i.DMA_GetITStatus), (20 bytes).
    Removing stm32f0xx_dma.o(i.DMA_ITConfig), (16 bytes).
    Removing stm32f0xx_dma.o(i.DMA_Init), (60 bytes).
    Removing stm32f0xx_dma.o(i.DMA_SetCurrDataCounter), (4 bytes).
    Removing stm32f0xx_dma.o(i.DMA_StructInit), (26 bytes).
    Removing stm32f0xx_exti.o(.rev16_text), (4 bytes).
    Removing stm32f0xx_exti.o(.revsh_text), (4 bytes).
    Removing stm32f0xx_exti.o(i.EXTI_ClearFlag), (12 bytes).
    Removing stm32f0xx_exti.o(i.EXTI_ClearITPendingBit), (12 bytes).
    Removing stm32f0xx_exti.o(i.EXTI_DeInit), (32 bytes).
    Removing stm32f0xx_exti.o(i.EXTI_GenerateSWInterrupt), (16 bytes).
    Removing stm32f0xx_exti.o(i.EXTI_GetFlagStatus), (20 bytes).
    Removing stm32f0xx_exti.o(i.EXTI_GetITStatus), (28 bytes).
    Removing stm32f0xx_exti.o(i.EXTI_Init), (108 bytes).
    Removing stm32f0xx_exti.o(i.EXTI_StructInit), (14 bytes).
    Removing stm32f0xx_flash.o(.rev16_text), (4 bytes).
    Removing stm32f0xx_flash.o(.revsh_text), (4 bytes).
    Removing stm32f0xx_flash.o(i.FLASH_ClearFlag), (12 bytes).
    Removing stm32f0xx_flash.o(i.FLASH_EraseAllPages), (52 bytes).
    Removing stm32f0xx_flash.o(i.FLASH_ErasePage), (56 bytes).
    Removing stm32f0xx_flash.o(i.FLASH_GetFlagStatus), (20 bytes).
    Removing stm32f0xx_flash.o(i.FLASH_GetPrefetchBufferStatus), (20 bytes).
    Removing stm32f0xx_flash.o(i.FLASH_GetStatus), (40 bytes).
    Removing stm32f0xx_flash.o(i.FLASH_ITConfig), (24 bytes).
    Removing stm32f0xx_flash.o(i.FLASH_Lock), (16 bytes).
    Removing stm32f0xx_flash.o(i.FLASH_OB_BOOTConfig), (64 bytes).
    Removing stm32f0xx_flash.o(i.FLASH_OB_EnableWRP), (88 bytes).
    Removing stm32f0xx_flash.o(i.FLASH_OB_Erase), (116 bytes).
    Removing stm32f0xx_flash.o(i.FLASH_OB_GetRDP), (20 bytes).
    Removing stm32f0xx_flash.o(i.FLASH_OB_GetUser), (16 bytes).
    Removing stm32f0xx_flash.o(i.FLASH_OB_GetWRP), (12 bytes).
    Removing stm32f0xx_flash.o(i.FLASH_OB_Launch), (20 bytes).
    Removing stm32f0xx_flash.o(i.FLASH_OB_Lock), (16 bytes).
    Removing stm32f0xx_flash.o(i.FLASH_OB_RDPConfig), (92 bytes).
    Removing stm32f0xx_flash.o(i.FLASH_OB_SRAMParityConfig), (64 bytes).
    Removing stm32f0xx_flash.o(i.FLASH_OB_Unlock), (32 bytes).
    Removing stm32f0xx_flash.o(i.FLASH_OB_UserConfig), (72 bytes).
    Removing stm32f0xx_flash.o(i.FLASH_OB_VDDAConfig), (64 bytes).
    Removing stm32f0xx_flash.o(i.FLASH_OB_WriteUser), (64 bytes).
    Removing stm32f0xx_flash.o(i.FLASH_PrefetchBufferCmd), (24 bytes).
    Removing stm32f0xx_flash.o(i.FLASH_ProgramHalfWord), (52 bytes).
    Removing stm32f0xx_flash.o(i.FLASH_ProgramOptionByteData), (56 bytes).
    Removing stm32f0xx_flash.o(i.FLASH_ProgramWord), (76 bytes).
    Removing stm32f0xx_flash.o(i.FLASH_SetLatency), (20 bytes).
    Removing stm32f0xx_flash.o(i.FLASH_Unlock), (32 bytes).
    Removing stm32f0xx_flash.o(i.FLASH_WaitForLastOperation), (34 bytes).
    Removing stm32f0xx_gpio.o(.rev16_text), (4 bytes).
    Removing stm32f0xx_gpio.o(.revsh_text), (4 bytes).
    Removing stm32f0xx_gpio.o(i.GPIO_DeInit), (96 bytes).
    Removing stm32f0xx_gpio.o(i.GPIO_PinLockConfig), (26 bytes).
    Removing stm32f0xx_gpio.o(i.GPIO_ReadInputData), (4 bytes).
    Removing stm32f0xx_gpio.o(i.GPIO_ReadOutputData), (4 bytes).
    Removing stm32f0xx_gpio.o(i.GPIO_ReadOutputDataBit), (14 bytes).
    Removing stm32f0xx_gpio.o(i.GPIO_StructInit), (24 bytes).
    Removing stm32f0xx_gpio.o(i.GPIO_Write), (4 bytes).
    Removing stm32f0xx_gpio.o(i.GPIO_WriteBit), (12 bytes).
    Removing stm32f0xx_i2c.o(.rev16_text), (4 bytes).
    Removing stm32f0xx_i2c.o(.revsh_text), (4 bytes).
    Removing stm32f0xx_i2c.o(i.I2C_10BitAddressHeaderCmd), (20 bytes).
    Removing stm32f0xx_i2c.o(i.I2C_10BitAddressingModeCmd), (20 bytes).
    Removing stm32f0xx_i2c.o(i.I2C_AcknowledgeConfig), (20 bytes).
    Removing stm32f0xx_i2c.o(i.I2C_AutoEndCmd), (20 bytes).
    Removing stm32f0xx_i2c.o(i.I2C_CalculatePEC), (20 bytes).
    Removing stm32f0xx_i2c.o(i.I2C_ClearFlag), (4 bytes).
    Removing stm32f0xx_i2c.o(i.I2C_ClearITPendingBit), (4 bytes).
    Removing stm32f0xx_i2c.o(i.I2C_ClockTimeoutCmd), (20 bytes).
    Removing stm32f0xx_i2c.o(i.I2C_Cmd), (20 bytes).
    Removing stm32f0xx_i2c.o(i.I2C_DMACmd), (16 bytes).
    Removing stm32f0xx_i2c.o(i.I2C_DeInit), (40 bytes).
    Removing stm32f0xx_i2c.o(i.I2C_DualAddressCmd), (20 bytes).
    Removing stm32f0xx_i2c.o(i.I2C_ExtendedClockTimeoutCmd), (22 bytes).
    Removing stm32f0xx_i2c.o(i.I2C_GeneralCallCmd), (20 bytes).
    Removing stm32f0xx_i2c.o(i.I2C_GenerateSTART), (20 bytes).
    Removing stm32f0xx_i2c.o(i.I2C_GenerateSTOP), (20 bytes).
    Removing stm32f0xx_i2c.o(i.I2C_GetAddressMatched), (10 bytes).
    Removing stm32f0xx_i2c.o(i.I2C_GetFlagStatus), (14 bytes).
    Removing stm32f0xx_i2c.o(i.I2C_GetITStatus), (48 bytes).
    Removing stm32f0xx_i2c.o(i.I2C_GetPEC), (6 bytes).
    Removing stm32f0xx_i2c.o(i.I2C_GetTransferDirection), (18 bytes).
    Removing stm32f0xx_i2c.o(i.I2C_ITConfig), (16 bytes).
    Removing stm32f0xx_i2c.o(i.I2C_IdleClockTimeoutCmd), (20 bytes).
    Removing stm32f0xx_i2c.o(i.I2C_Init), (100 bytes).
    Removing stm32f0xx_i2c.o(i.I2C_MasterRequestConfig), (20 bytes).
    Removing stm32f0xx_i2c.o(i.I2C_NumberOfBytesConfig), (16 bytes).
    Removing stm32f0xx_i2c.o(i.I2C_OwnAddress2Config), (28 bytes).
    Removing stm32f0xx_i2c.o(i.I2C_PECRequestCmd), (20 bytes).
    Removing stm32f0xx_i2c.o(i.I2C_ReadRegister), (10 bytes).
    Removing stm32f0xx_i2c.o(i.I2C_ReceiveData), (6 bytes).
    Removing stm32f0xx_i2c.o(i.I2C_ReloadCmd), (20 bytes).
    Removing stm32f0xx_i2c.o(i.I2C_SMBusAlertCmd), (20 bytes).
    Removing stm32f0xx_i2c.o(i.I2C_SendData), (4 bytes).
    Removing stm32f0xx_i2c.o(i.I2C_SlaveAddressConfig), (16 bytes).
    Removing stm32f0xx_i2c.o(i.I2C_SlaveByteControlCmd), (20 bytes).
    Removing stm32f0xx_i2c.o(i.I2C_SoftwareResetCmd), (20 bytes).
    Removing stm32f0xx_i2c.o(i.I2C_StopModeCmd), (20 bytes).
    Removing stm32f0xx_i2c.o(i.I2C_StretchClockCmd), (20 bytes).
    Removing stm32f0xx_i2c.o(i.I2C_StructInit), (22 bytes).
    Removing stm32f0xx_i2c.o(i.I2C_TimeoutAConfig), (16 bytes).
    Removing stm32f0xx_i2c.o(i.I2C_TimeoutBConfig), (20 bytes).
    Removing stm32f0xx_i2c.o(i.I2C_TransferHandling), (32 bytes).
    Removing stm32f0xx_iwdg.o(.rev16_text), (4 bytes).
    Removing stm32f0xx_iwdg.o(.revsh_text), (4 bytes).
    Removing stm32f0xx_iwdg.o(i.IWDG_Enable), (16 bytes).
    Removing stm32f0xx_iwdg.o(i.IWDG_GetFlagStatus), (20 bytes).
    Removing stm32f0xx_iwdg.o(i.IWDG_ReloadCounter), (16 bytes).
    Removing stm32f0xx_iwdg.o(i.IWDG_SetPrescaler), (12 bytes).
    Removing stm32f0xx_iwdg.o(i.IWDG_SetReload), (12 bytes).
    Removing stm32f0xx_iwdg.o(i.IWDG_SetWindowValue), (12 bytes).
    Removing stm32f0xx_iwdg.o(i.IWDG_WriteAccessCmd), (12 bytes).
    Removing stm32f0xx_misc.o(.rev16_text), (4 bytes).
    Removing stm32f0xx_misc.o(.revsh_text), (4 bytes).
    Removing stm32f0xx_misc.o(i.NVIC_SystemLPConfig), (24 bytes).
    Removing stm32f0xx_misc.o(i.SysTick_CLKSourceConfig), (24 bytes).
    Removing stm32f0xx_pwr.o(.rev16_text), (4 bytes).
    Removing stm32f0xx_pwr.o(.revsh_text), (4 bytes).
    Removing stm32f0xx_pwr.o(i.PWR_BackupAccessCmd), (24 bytes).
    Removing stm32f0xx_pwr.o(i.PWR_ClearFlag), (16 bytes).
    Removing stm32f0xx_pwr.o(i.PWR_DeInit), (22 bytes).
    Removing stm32f0xx_pwr.o(i.PWR_EnterSTANDBYMode), (40 bytes).
    Removing stm32f0xx_pwr.o(i.PWR_EnterSTOPMode), (48 bytes).
    Removing stm32f0xx_pwr.o(i.PWR_EnterSleepMode), (28 bytes).
    Removing stm32f0xx_pwr.o(i.PWR_GetFlagStatus), (20 bytes).
    Removing stm32f0xx_pwr.o(i.PWR_PVDCmd), (24 bytes).
    Removing stm32f0xx_pwr.o(i.PWR_PVDLevelConfig), (20 bytes).
    Removing stm32f0xx_pwr.o(i.PWR_WakeUpPinCmd), (24 bytes).
    Removing stm32f0xx_rcc.o(.rev16_text), (4 bytes).
    Removing stm32f0xx_rcc.o(.revsh_text), (4 bytes).
    Removing stm32f0xx_rcc.o(i.RCC_ADCCLKConfig), (44 bytes).
    Removing stm32f0xx_rcc.o(i.RCC_AHBPeriphResetCmd), (24 bytes).
    Removing stm32f0xx_rcc.o(i.RCC_APB1PeriphResetCmd), (24 bytes).
    Removing stm32f0xx_rcc.o(i.RCC_APB2PeriphResetCmd), (24 bytes).
    Removing stm32f0xx_rcc.o(i.RCC_AdjustHSI14CalibrationValue), (20 bytes).
    Removing stm32f0xx_rcc.o(i.RCC_AdjustHSICalibrationValue), (20 bytes).
    Removing stm32f0xx_rcc.o(i.RCC_BackupResetCmd), (28 bytes).
    Removing stm32f0xx_rcc.o(i.RCC_CECCLKConfig), (24 bytes).
    Removing stm32f0xx_rcc.o(i.RCC_ClearFlag), (20 bytes).
    Removing stm32f0xx_rcc.o(i.RCC_ClearITPendingBit), (12 bytes).
    Removing stm32f0xx_rcc.o(i.RCC_ClockSecuritySystemCmd), (28 bytes).
    Removing stm32f0xx_rcc.o(i.RCC_DeInit), (92 bytes).
    Removing stm32f0xx_rcc.o(i.RCC_GetFlagStatus), (52 bytes).
    Removing stm32f0xx_rcc.o(i.RCC_GetITStatus), (20 bytes).
    Removing stm32f0xx_rcc.o(i.RCC_GetSYSCLKSource), (16 bytes).
    Removing stm32f0xx_rcc.o(i.RCC_HCLKConfig), (20 bytes).
    Removing stm32f0xx_rcc.o(i.RCC_HSEConfig), (16 bytes).
    Removing stm32f0xx_rcc.o(i.RCC_HSI14ADCRequestCmd), (24 bytes).
    Removing stm32f0xx_rcc.o(i.RCC_HSI14Cmd), (28 bytes).
    Removing stm32f0xx_rcc.o(i.RCC_HSICmd), (28 bytes).
    Removing stm32f0xx_rcc.o(i.RCC_I2CCLKConfig), (24 bytes).
    Removing stm32f0xx_rcc.o(i.RCC_ITConfig), (24 bytes).
    Removing stm32f0xx_rcc.o(i.RCC_LSEConfig), (32 bytes).
    Removing stm32f0xx_rcc.o(i.RCC_LSEDriveConfig), (24 bytes).
    Removing stm32f0xx_rcc.o(i.RCC_LSICmd), (28 bytes).
    Removing stm32f0xx_rcc.o(i.RCC_MCOConfig), (12 bytes).
    Removing stm32f0xx_rcc.o(i.RCC_PCLKConfig), (20 bytes).
    Removing stm32f0xx_rcc.o(i.RCC_PLLCmd), (28 bytes).
    Removing stm32f0xx_rcc.o(i.RCC_PLLConfig), (28 bytes).
    Removing stm32f0xx_rcc.o(i.RCC_PREDIV1Config), (20 bytes).
    Removing stm32f0xx_rcc.o(i.RCC_RTCCLKCmd), (28 bytes).
    Removing stm32f0xx_rcc.o(i.RCC_RTCCLKConfig), (16 bytes).
    Removing stm32f0xx_rcc.o(i.RCC_SYSCLKConfig), (20 bytes).
    Removing stm32f0xx_rcc.o(i.RCC_USARTCLKConfig), (24 bytes).
    Removing stm32f0xx_rcc.o(i.RCC_WaitForHSEStartUp), (44 bytes).
    Removing stm32f0xx_rtc.o(.rev16_text), (4 bytes).
    Removing stm32f0xx_rtc.o(.revsh_text), (4 bytes).
    Removing stm32f0xx_rtc.o(i.RTC_AlarmCmd), (80 bytes).
    Removing stm32f0xx_rtc.o(i.RTC_AlarmStructInit), (20 bytes).
    Removing stm32f0xx_rtc.o(i.RTC_AlarmSubSecondConfig), (32 bytes).
    Removing stm32f0xx_rtc.o(i.RTC_Bcd2ToByte), (16 bytes).
    Removing stm32f0xx_rtc.o(i.RTC_BypassShadowCmd), (40 bytes).
    Removing stm32f0xx_rtc.o(i.RTC_ByteToBcd2), (24 bytes).
    Removing stm32f0xx_rtc.o(i.RTC_CalibOutputCmd), (40 bytes).
    Removing stm32f0xx_rtc.o(i.RTC_CalibOutputConfig), (36 bytes).
    Removing stm32f0xx_rtc.o(i.RTC_ClearFlag), (28 bytes).
    Removing stm32f0xx_rtc.o(i.RTC_ClearITPendingBit), (28 bytes).
    Removing stm32f0xx_rtc.o(i.RTC_DateStructInit), (14 bytes).
    Removing stm32f0xx_rtc.o(i.RTC_DayLightSavingConfig), (40 bytes).
    Removing stm32f0xx_rtc.o(i.RTC_DeInit), (88 bytes).
    Removing stm32f0xx_rtc.o(i.RTC_EnterInitMode), (60 bytes).
    Removing stm32f0xx_rtc.o(i.RTC_ExitInitMode), (16 bytes).
    Removing stm32f0xx_rtc.o(i.RTC_GetAlarm), (100 bytes).
    Removing stm32f0xx_rtc.o(i.RTC_GetAlarmSubSecond), (16 bytes).
    Removing stm32f0xx_rtc.o(i.RTC_GetDate), (76 bytes).
    Removing stm32f0xx_rtc.o(i.RTC_GetFlagStatus), (28 bytes).
    Removing stm32f0xx_rtc.o(i.RTC_GetITStatus), (60 bytes).
    Removing stm32f0xx_rtc.o(i.RTC_GetStoreOperation), (16 bytes).
    Removing stm32f0xx_rtc.o(i.RTC_GetSubSecond), (12 bytes).
    Removing stm32f0xx_rtc.o(i.RTC_GetTime), (80 bytes).
    Removing stm32f0xx_rtc.o(i.RTC_GetTimeStamp), (136 bytes).
    Removing stm32f0xx_rtc.o(i.RTC_GetTimeStampSubSecond), (12 bytes).
    Removing stm32f0xx_rtc.o(i.RTC_ITConfig), (60 bytes).
    Removing stm32f0xx_rtc.o(i.RTC_Init), (72 bytes).
    Removing stm32f0xx_rtc.o(i.RTC_OutputConfig), (40 bytes).
    Removing stm32f0xx_rtc.o(i.RTC_OutputTypeConfig), (24 bytes).
    Removing stm32f0xx_rtc.o(i.RTC_ReadBackupRegister), (20 bytes).
    Removing stm32f0xx_rtc.o(i.RTC_RefClockCmd), (60 bytes).
    Removing stm32f0xx_rtc.o(i.RTC_SetAlarm), (136 bytes).
    Removing stm32f0xx_rtc.o(i.RTC_SetDate), (148 bytes).
    Removing stm32f0xx_rtc.o(i.RTC_SetTime), (152 bytes).
    Removing stm32f0xx_rtc.o(i.RTC_SmoothCalibConfig), (64 bytes).
    Removing stm32f0xx_rtc.o(i.RTC_StructInit), (14 bytes).
    Removing stm32f0xx_rtc.o(i.RTC_SynchroShiftConfig), (76 bytes).
    Removing stm32f0xx_rtc.o(i.RTC_TamperCmd), (24 bytes).
    Removing stm32f0xx_rtc.o(i.RTC_TamperFilterConfig), (24 bytes).
    Removing stm32f0xx_rtc.o(i.RTC_TamperPinsPrechargeDuration), (24 bytes).
    Removing stm32f0xx_rtc.o(i.RTC_TamperPullUpCmd), (24 bytes).
    Removing stm32f0xx_rtc.o(i.RTC_TamperSamplingFreqConfig), (24 bytes).
    Removing stm32f0xx_rtc.o(i.RTC_TamperTriggerConfig), (24 bytes).
    Removing stm32f0xx_rtc.o(i.RTC_TimeStampCmd), (44 bytes).
    Removing stm32f0xx_rtc.o(i.RTC_TimeStampOnTamperDetectionCmd), (24 bytes).
    Removing stm32f0xx_rtc.o(i.RTC_TimeStructInit), (12 bytes).
    Removing stm32f0xx_rtc.o(i.RTC_WaitForSynchro), (80 bytes).
    Removing stm32f0xx_rtc.o(i.RTC_WriteBackupRegister), (20 bytes).
    Removing stm32f0xx_rtc.o(i.RTC_WriteProtectionCmd), (24 bytes).
    Removing stm32f0xx_spi.o(.rev16_text), (4 bytes).
    Removing stm32f0xx_spi.o(.revsh_text), (4 bytes).
    Removing stm32f0xx_spi.o(i.I2S_Cmd), (28 bytes).
    Removing stm32f0xx_spi.o(i.I2S_Init), (156 bytes).
    Removing stm32f0xx_spi.o(i.I2S_StructInit), (18 bytes).
    Removing stm32f0xx_spi.o(i.SPI_BiDirectionalLineConfig), (28 bytes).
    Removing stm32f0xx_spi.o(i.SPI_CRCLengthConfig), (20 bytes).
    Removing stm32f0xx_spi.o(i.SPI_CalculateCRC), (28 bytes).
    Removing stm32f0xx_spi.o(i.SPI_Cmd), (18 bytes).
    Removing stm32f0xx_spi.o(i.SPI_DataSizeConfig), (16 bytes).
    Removing stm32f0xx_spi.o(i.SPI_GetCRC), (12 bytes).
    Removing stm32f0xx_spi.o(i.SPI_GetCRCPolynomial), (4 bytes).
    Removing stm32f0xx_spi.o(i.SPI_GetReceptionFIFOStatus), (10 bytes).
    Removing stm32f0xx_spi.o(i.SPI_GetTransmissionFIFOStatus), (10 bytes).
    Removing stm32f0xx_spi.o(i.SPI_I2S_ClearFlag), (6 bytes).
    Removing stm32f0xx_spi.o(i.SPI_I2S_DMACmd), (16 bytes).
    Removing stm32f0xx_spi.o(i.SPI_I2S_DeInit), (64 bytes).
    Removing stm32f0xx_spi.o(i.SPI_I2S_GetFlagStatus), (14 bytes).
    Removing stm32f0xx_spi.o(i.SPI_I2S_GetITStatus), (42 bytes).
    Removing stm32f0xx_spi.o(i.SPI_I2S_ITConfig), (24 bytes).
    Removing stm32f0xx_spi.o(i.SPI_I2S_ReceiveData16), (4 bytes).
    Removing stm32f0xx_spi.o(i.SPI_I2S_SendData16), (4 bytes).
    Removing stm32f0xx_spi.o(i.SPI_Init), (84 bytes).
    Removing stm32f0xx_spi.o(i.SPI_LastDMATransferCmd), (20 bytes).
    Removing stm32f0xx_spi.o(i.SPI_NSSInternalSoftwareConfig), (28 bytes).
    Removing stm32f0xx_spi.o(i.SPI_NSSPulseModeCmd), (18 bytes).
    Removing stm32f0xx_spi.o(i.SPI_ReceiveData8), (4 bytes).
    Removing stm32f0xx_spi.o(i.SPI_RxFIFOThresholdConfig), (20 bytes).
    Removing stm32f0xx_spi.o(i.SPI_SSOutputCmd), (18 bytes).
    Removing stm32f0xx_spi.o(i.SPI_SendData8), (4 bytes).
    Removing stm32f0xx_spi.o(i.SPI_StructInit), (28 bytes).
    Removing stm32f0xx_spi.o(i.SPI_TIModeCmd), (18 bytes).
    Removing stm32f0xx_spi.o(i.SPI_TransmitCRC), (12 bytes).
    Removing stm32f0xx_syscfg.o(.rev16_text), (4 bytes).
    Removing stm32f0xx_syscfg.o(.revsh_text), (4 bytes).
    Removing stm32f0xx_syscfg.o(i.SYSCFG_BreakConfig), (16 bytes).
    Removing stm32f0xx_syscfg.o(i.SYSCFG_ClearFlag), (16 bytes).
    Removing stm32f0xx_syscfg.o(i.SYSCFG_DMAChannelRemapConfig), (24 bytes).
    Removing stm32f0xx_syscfg.o(i.SYSCFG_DeInit), (36 bytes).
    Removing stm32f0xx_syscfg.o(i.SYSCFG_EXTILineConfig), (40 bytes).
    Removing stm32f0xx_syscfg.o(i.SYSCFG_GetFlagStatus), (20 bytes).
    Removing stm32f0xx_syscfg.o(i.SYSCFG_I2CFastModePlusConfig), (24 bytes).
    Removing stm32f0xx_syscfg.o(i.SYSCFG_MemoryRemapConfig), (20 bytes).
    Removing stm32f0xx_tim.o(.rev16_text), (4 bytes).
    Removing stm32f0xx_tim.o(.revsh_text), (4 bytes).
    Removing stm32f0xx_tim.o(i.TI1_Config), (40 bytes).
    Removing stm32f0xx_tim.o(i.TI2_Config), (48 bytes).
    Removing stm32f0xx_tim.o(i.TIM_ARRPreloadConfig), (18 bytes).
    Removing stm32f0xx_tim.o(i.TIM_BDTRConfig), (34 bytes).
    Removing stm32f0xx_tim.o(i.TIM_BDTRStructInit), (18 bytes).
    Removing stm32f0xx_tim.o(i.TIM_CCPreloadControl), (20 bytes).
    Removing stm32f0xx_tim.o(i.TIM_CCxCmd), (22 bytes).
    Removing stm32f0xx_tim.o(i.TIM_CCxNCmd), (22 bytes).
    Removing stm32f0xx_tim.o(i.TIM_ClearFlag), (6 bytes).
    Removing stm32f0xx_tim.o(i.TIM_ClearITPendingBit), (6 bytes).
    Removing stm32f0xx_tim.o(i.TIM_ClearOC1Ref), (12 bytes).
    Removing stm32f0xx_tim.o(i.TIM_ClearOC2Ref), (14 bytes).
    Removing stm32f0xx_tim.o(i.TIM_ClearOC3Ref), (12 bytes).
    Removing stm32f0xx_tim.o(i.TIM_ClearOC4Ref), (14 bytes).
    Removing stm32f0xx_tim.o(i.TIM_Cmd), (20 bytes).
    Removing stm32f0xx_tim.o(i.TIM_CounterModeConfig), (12 bytes).
    Removing stm32f0xx_tim.o(i.TIM_CtrlPWMOutputs), (24 bytes).
    Removing stm32f0xx_tim.o(i.TIM_DMACmd), (16 bytes).
    Removing stm32f0xx_tim.o(i.TIM_DMAConfig), (8 bytes).
    Removing stm32f0xx_tim.o(i.TIM_DeInit), (180 bytes).
    Removing stm32f0xx_tim.o(i.TIM_ETRClockMode1Config), (28 bytes).
    Removing stm32f0xx_tim.o(i.TIM_ETRClockMode2Config), (20 bytes).
    Removing stm32f0xx_tim.o(i.TIM_ETRConfig), (18 bytes).
    Removing stm32f0xx_tim.o(i.TIM_EncoderInterfaceConfig), (48 bytes).
    Removing stm32f0xx_tim.o(i.TIM_ForcedOC1Config), (12 bytes).
    Removing stm32f0xx_tim.o(i.TIM_ForcedOC2Config), (20 bytes).
    Removing stm32f0xx_tim.o(i.TIM_ForcedOC3Config), (12 bytes).
    Removing stm32f0xx_tim.o(i.TIM_ForcedOC4Config), (20 bytes).
    Removing stm32f0xx_tim.o(i.TIM_GenerateEvent), (4 bytes).
    Removing stm32f0xx_tim.o(i.TIM_GetCapture1), (4 bytes).
    Removing stm32f0xx_tim.o(i.TIM_GetCapture2), (4 bytes).
    Removing stm32f0xx_tim.o(i.TIM_GetCapture3), (4 bytes).
    Removing stm32f0xx_tim.o(i.TIM_GetCapture4), (4 bytes).
    Removing stm32f0xx_tim.o(i.TIM_GetCounter), (4 bytes).
    Removing stm32f0xx_tim.o(i.TIM_GetFlagStatus), (14 bytes).
    Removing stm32f0xx_tim.o(i.TIM_GetITStatus), (24 bytes).
    Removing stm32f0xx_tim.o(i.TIM_GetPrescaler), (4 bytes).
    Removing stm32f0xx_tim.o(i.TIM_ICInit), (184 bytes).
    Removing stm32f0xx_tim.o(i.TIM_ICStructInit), (16 bytes).
    Removing stm32f0xx_tim.o(i.TIM_ITConfig), (16 bytes).
    Removing stm32f0xx_tim.o(i.TIM_ITRxExternalClockConfig), (18 bytes).
    Removing stm32f0xx_tim.o(i.TIM_InternalClockConfig), (10 bytes).
    Removing stm32f0xx_tim.o(i.TIM_OC1FastConfig), (12 bytes).
    Removing stm32f0xx_tim.o(i.TIM_OC1Init), (124 bytes).
    Removing stm32f0xx_tim.o(i.TIM_OC1NPolarityConfig), (12 bytes).
    Removing stm32f0xx_tim.o(i.TIM_OC1PolarityConfig), (12 bytes).
    Removing stm32f0xx_tim.o(i.TIM_OC1PreloadConfig), (12 bytes).
    Removing stm32f0xx_tim.o(i.TIM_OC2FastConfig), (20 bytes).
    Removing stm32f0xx_tim.o(i.TIM_OC2Init), (124 bytes).
    Removing stm32f0xx_tim.o(i.TIM_OC2NPolarityConfig), (14 bytes).
    Removing stm32f0xx_tim.o(i.TIM_OC2PolarityConfig), (14 bytes).
    Removing stm32f0xx_tim.o(i.TIM_OC2PreloadConfig), (20 bytes).
    Removing stm32f0xx_tim.o(i.TIM_OC3FastConfig), (12 bytes).
    Removing stm32f0xx_tim.o(i.TIM_OC3Init), (136 bytes).
    Removing stm32f0xx_tim.o(i.TIM_OC3NPolarityConfig), (20 bytes).
    Removing stm32f0xx_tim.o(i.TIM_OC3PolarityConfig), (20 bytes).
    Removing stm32f0xx_tim.o(i.TIM_OC3PreloadConfig), (12 bytes).
    Removing stm32f0xx_tim.o(i.TIM_OC4FastConfig), (20 bytes).
    Removing stm32f0xx_tim.o(i.TIM_OC4Init), (100 bytes).
    Removing stm32f0xx_tim.o(i.TIM_OC4PolarityConfig), (20 bytes).
    Removing stm32f0xx_tim.o(i.TIM_OC4PreloadConfig), (20 bytes).
    Removing stm32f0xx_tim.o(i.TIM_OCStructInit), (20 bytes).
    Removing stm32f0xx_tim.o(i.TIM_PWMIConfig), (104 bytes).
    Removing stm32f0xx_tim.o(i.TIM_PrescalerConfig), (6 bytes).
    Removing stm32f0xx_tim.o(i.TIM_RemapConfig), (6 bytes).
    Removing stm32f0xx_tim.o(i.TIM_SelectCCDMA), (18 bytes).
    Removing stm32f0xx_tim.o(i.TIM_SelectCOM), (18 bytes).
    Removing stm32f0xx_tim.o(i.TIM_SelectHallSensor), (18 bytes).
    Removing stm32f0xx_tim.o(i.TIM_SelectInputTrigger), (12 bytes).
    Removing stm32f0xx_tim.o(i.TIM_SelectMasterSlaveMode), (16 bytes).
    Removing stm32f0xx_tim.o(i.TIM_SelectOCREFClear), (16 bytes).
    Removing stm32f0xx_tim.o(i.TIM_SelectOCxM), (70 bytes).
    Removing stm32f0xx_tim.o(i.TIM_SelectOnePulseMode), (16 bytes).
    Removing stm32f0xx_tim.o(i.TIM_SelectOutputTrigger), (16 bytes).
    Removing stm32f0xx_tim.o(i.TIM_SelectSlaveMode), (16 bytes).
    Removing stm32f0xx_tim.o(i.TIM_SetAutoreload), (4 bytes).
    Removing stm32f0xx_tim.o(i.TIM_SetClockDivision), (20 bytes).
    Removing stm32f0xx_tim.o(i.TIM_SetCompare1), (4 bytes).
    Removing stm32f0xx_tim.o(i.TIM_SetCompare2), (4 bytes).
    Removing stm32f0xx_tim.o(i.TIM_SetCompare3), (4 bytes).
    Removing stm32f0xx_tim.o(i.TIM_SetCompare4), (4 bytes).
    Removing stm32f0xx_tim.o(i.TIM_SetCounter), (4 bytes).
    Removing stm32f0xx_tim.o(i.TIM_SetIC1Prescaler), (16 bytes).
    Removing stm32f0xx_tim.o(i.TIM_SetIC2Prescaler), (24 bytes).
    Removing stm32f0xx_tim.o(i.TIM_SetIC3Prescaler), (16 bytes).
    Removing stm32f0xx_tim.o(i.TIM_SetIC4Prescaler), (24 bytes).
    Removing stm32f0xx_tim.o(i.TIM_TIxExternalClockConfig), (48 bytes).
    Removing stm32f0xx_tim.o(i.TIM_TimeBaseInit), (116 bytes).
    Removing stm32f0xx_tim.o(i.TIM_TimeBaseStructInit), (18 bytes).
    Removing stm32f0xx_tim.o(i.TIM_UpdateDisableConfig), (18 bytes).
    Removing stm32f0xx_tim.o(i.TIM_UpdateRequestConfig), (18 bytes).
    Removing stm32f0xx_usart.o(.rev16_text), (4 bytes).
    Removing stm32f0xx_usart.o(.revsh_text), (4 bytes).
    Removing stm32f0xx_usart.o(i.USART_AddressDetectionConfig), (16 bytes).
    Removing stm32f0xx_usart.o(i.USART_AutoBaudRateCmd), (20 bytes).
    Removing stm32f0xx_usart.o(i.USART_AutoBaudRateConfig), (18 bytes).
    Removing stm32f0xx_usart.o(i.USART_ClearFlag), (4 bytes).
    Removing stm32f0xx_usart.o(i.USART_ClearITPendingBit), (10 bytes).
    Removing stm32f0xx_usart.o(i.USART_ClockInit), (28 bytes).
    Removing stm32f0xx_usart.o(i.USART_ClockStructInit), (12 bytes).
    Removing stm32f0xx_usart.o(i.USART_DECmd), (20 bytes).
    Removing stm32f0xx_usart.o(i.USART_DEPolarityConfig), (18 bytes).
    Removing stm32f0xx_usart.o(i.USART_DMACmd), (16 bytes).
    Removing stm32f0xx_usart.o(i.USART_DMAReceptionErrorConfig), (18 bytes).
    Removing stm32f0xx_usart.o(i.USART_DataInvCmd), (20 bytes).
    Removing stm32f0xx_usart.o(i.USART_DeInit), (64 bytes).
    Removing stm32f0xx_usart.o(i.USART_DirectionModeCmd), (16 bytes).
    Removing stm32f0xx_usart.o(i.USART_HalfDuplexCmd), (18 bytes).
    Removing stm32f0xx_usart.o(i.USART_InvPinCmd), (16 bytes).
    Removing stm32f0xx_usart.o(i.USART_IrDACmd), (18 bytes).
    Removing stm32f0xx_usart.o(i.USART_IrDAConfig), (16 bytes).
    Removing stm32f0xx_usart.o(i.USART_LINBreakDetectLengthConfig), (16 bytes).
    Removing stm32f0xx_usart.o(i.USART_LINCmd), (20 bytes).
    Removing stm32f0xx_usart.o(i.USART_MSBFirstCmd), (20 bytes).
    Removing stm32f0xx_usart.o(i.USART_MuteModeCmd), (20 bytes).
    Removing stm32f0xx_usart.o(i.USART_MuteModeWakeUpConfig), (18 bytes).
    Removing stm32f0xx_usart.o(i.USART_OneBitMethodCmd), (20 bytes).
    Removing stm32f0xx_usart.o(i.USART_OverSampling8Cmd), (20 bytes).
    Removing stm32f0xx_usart.o(i.USART_OverrunDetectionConfig), (18 bytes).
    Removing stm32f0xx_usart.o(i.USART_ReceiverTimeOutCmd), (20 bytes).
    Removing stm32f0xx_usart.o(i.USART_RequestCmd), (16 bytes).
    Removing stm32f0xx_usart.o(i.USART_STOPModeCmd), (18 bytes).
    Removing stm32f0xx_usart.o(i.USART_SWAPPinCmd), (20 bytes).
    Removing stm32f0xx_usart.o(i.USART_SetAddress), (18 bytes).
    Removing stm32f0xx_usart.o(i.USART_SetAutoRetryCount), (20 bytes).
    Removing stm32f0xx_usart.o(i.USART_SetBlockLength), (18 bytes).
    Removing stm32f0xx_usart.o(i.USART_SetDEAssertionTime), (20 bytes).
    Removing stm32f0xx_usart.o(i.USART_SetDEDeassertionTime), (20 bytes).
    Removing stm32f0xx_usart.o(i.USART_SetGuardTime), (16 bytes).
    Removing stm32f0xx_usart.o(i.USART_SetPrescaler), (16 bytes).
    Removing stm32f0xx_usart.o(i.USART_SetReceiverTimeOut), (16 bytes).
    Removing stm32f0xx_usart.o(i.USART_SmartCardCmd), (18 bytes).
    Removing stm32f0xx_usart.o(i.USART_SmartCardNACKCmd), (18 bytes).
    Removing stm32f0xx_usart.o(i.USART_StopModeWakeUpSourceConfig), (18 bytes).
    Removing stm32f0xx_usart.o(i.USART_StructInit), (22 bytes).
    Removing stm32f0xx_wwdg.o(.rev16_text), (4 bytes).
    Removing stm32f0xx_wwdg.o(.revsh_text), (4 bytes).
    Removing stm32f0xx_wwdg.o(i.WWDG_ClearFlag), (12 bytes).
    Removing stm32f0xx_wwdg.o(i.WWDG_DeInit), (22 bytes).
    Removing stm32f0xx_wwdg.o(i.WWDG_Enable), (16 bytes).
    Removing stm32f0xx_wwdg.o(i.WWDG_EnableIT), (16 bytes).
    Removing stm32f0xx_wwdg.o(i.WWDG_GetFlagStatus), (20 bytes).
    Removing stm32f0xx_wwdg.o(i.WWDG_SetCounter), (16 bytes).
    Removing stm32f0xx_wwdg.o(i.WWDG_SetPrescaler), (20 bytes).
    Removing stm32f0xx_wwdg.o(i.WWDG_SetWindowValue), (28 bytes).
    Removing system_stm32f0xx.o(.rev16_text), (4 bytes).
    Removing system_stm32f0xx.o(.revsh_text), (4 bytes).
    Removing system_stm32f0xx.o(i.SystemCoreClockUpdate), (108 bytes).
    Removing stm320518_eval_lcd.o(.rev16_text), (4 bytes).
    Removing stm320518_eval_lcd.o(.revsh_text), (4 bytes).
    Removing stm320518_eval_lcd.o(i.LCD_Clear), (68 bytes).
    Removing stm320518_eval_lcd.o(i.LCD_ClearLine), (92 bytes).
    Removing stm320518_eval_lcd.o(i.LCD_ClosedPolyLine), (30 bytes).
    Removing stm320518_eval_lcd.o(i.LCD_ClosedPolyLineRelative), (10 bytes).
    Removing stm320518_eval_lcd.o(i.LCD_CtrlLinesConfig), (108 bytes).
    Removing stm320518_eval_lcd.o(i.LCD_CtrlLinesWrite), (8 bytes).
    Removing stm320518_eval_lcd.o(i.LCD_DeInit), (128 bytes).
    Removing stm320518_eval_lcd.o(i.LCD_DisplayChar), (32 bytes).
    Removing stm320518_eval_lcd.o(i.LCD_DisplayOff), (44 bytes).
    Removing stm320518_eval_lcd.o(i.LCD_DisplayOn), (48 bytes).
    Removing stm320518_eval_lcd.o(i.LCD_DisplayStringLine), (104 bytes).
    Removing stm320518_eval_lcd.o(i.LCD_DrawChar), (136 bytes).
    Removing stm320518_eval_lcd.o(i.LCD_DrawCircle), (248 bytes).
    Removing stm320518_eval_lcd.o(i.LCD_DrawFullCircle), (184 bytes).
    Removing stm320518_eval_lcd.o(i.LCD_DrawFullRect), (148 bytes).
    Removing stm320518_eval_lcd.o(i.LCD_DrawLine), (112 bytes).
    Removing stm320518_eval_lcd.o(i.LCD_DrawMonoPict), (108 bytes).
    Removing stm320518_eval_lcd.o(i.LCD_DrawRect), (62 bytes).
    Removing stm320518_eval_lcd.o(i.LCD_DrawUniLine), (186 bytes).
    Removing stm320518_eval_lcd.o(i.LCD_FillPolyLine), (512 bytes).
    Removing stm320518_eval_lcd.o(i.LCD_GetColors), (16 bytes).
    Removing stm320518_eval_lcd.o(i.LCD_GetFont), (12 bytes).
    Removing stm320518_eval_lcd.o(i.LCD_PolyLine), (40 bytes).
    Removing stm320518_eval_lcd.o(i.LCD_PolyLineRelative), (10 bytes).
    Removing stm320518_eval_lcd.o(i.LCD_PolyLineRelativeClosed), (90 bytes).
    Removing stm320518_eval_lcd.o(i.LCD_PowerOn), (120 bytes).
    Removing stm320518_eval_lcd.o(i.LCD_ReadReg), (180 bytes).
    Removing stm320518_eval_lcd.o(i.LCD_SPIConfig), (220 bytes).
    Removing stm320518_eval_lcd.o(i.LCD_SetBackColor), (16 bytes).
    Removing stm320518_eval_lcd.o(i.LCD_SetColors), (24 bytes).
    Removing stm320518_eval_lcd.o(i.LCD_SetCursor), (68 bytes).
    Removing stm320518_eval_lcd.o(i.LCD_SetDisplayWindow), (196 bytes).
    Removing stm320518_eval_lcd.o(i.LCD_SetFont), (12 bytes).
    Removing stm320518_eval_lcd.o(i.LCD_SetTextColor), (16 bytes).
    Removing stm320518_eval_lcd.o(i.LCD_Setup), (2104 bytes).
    Removing stm320518_eval_lcd.o(i.LCD_WindowModeDisable), (44 bytes).
    Removing stm320518_eval_lcd.o(i.LCD_WriteRAM), (52 bytes).
    Removing stm320518_eval_lcd.o(i.LCD_WriteRAMWord), (32 bytes).
    Removing stm320518_eval_lcd.o(i.LCD_WriteRAM_Prepare), (16 bytes).
    Removing stm320518_eval_lcd.o(i.LCD_WriteReg), (76 bytes).
    Removing stm320518_eval_lcd.o(i.LCD_WriteRegIndex), (72 bytes).
    Removing stm320518_eval_lcd.o(i.LCD_nCS_StartByte), (48 bytes).
    Removing stm320518_eval_lcd.o(i.PutPixel), (32 bytes).
    Removing stm320518_eval_lcd.o(i.STM320518_LCD_Init), (72 bytes).
    Removing stm320518_eval_lcd.o(i.delay), (28 bytes).
    Removing stm320518_eval_lcd.o(.constdata), (4560 bytes).
    Removing stm320518_eval_lcd.o(.constdata), (2304 bytes).
    Removing stm320518_eval_lcd.o(.constdata), (2304 bytes).
    Removing stm320518_eval_lcd.o(.constdata), (1536 bytes).
    Removing stm320518_eval_lcd.o(.data), (20 bytes).
    Removing stm320518_eval_lcd.o(.data), (8 bytes).
    Removing stm320518_eval_lcd.o(.data), (8 bytes).
    Removing stm320518_eval_lcd.o(.data), (8 bytes).
    Removing stm320518_eval.o(.rev16_text), (4 bytes).
    Removing stm320518_eval.o(.revsh_text), (4 bytes).
    Removing stm320518_eval.o(i.LM75_LowLevel_DeInit), (84 bytes).
    Removing stm320518_eval.o(i.LM75_LowLevel_Init), (116 bytes).
    Removing stm320518_eval.o(i.SD_LowLevel_DeInit), (112 bytes).
    Removing stm320518_eval.o(i.SD_LowLevel_Init), (228 bytes).
    Removing stm320518_eval.o(i.STM_EVAL_LEDInit), (68 bytes).
    Removing stm320518_eval.o(i.STM_EVAL_LEDOff), (24 bytes).
    Removing stm320518_eval.o(i.STM_EVAL_LEDOn), (24 bytes).
    Removing stm320518_eval.o(i.STM_EVAL_LEDToggle), (28 bytes).
    Removing stm320518_eval.o(i.STM_EVAL_PBGetState), (28 bytes).
    Removing stm320518_eval.o(i.STM_EVAL_PBInit), (148 bytes).
    Removing stm320518_eval.o(i.sEE_LowLevel_DeInit), (72 bytes).
    Removing stm320518_eval.o(i.sEE_LowLevel_Init), (88 bytes).
    Removing startup_stm32f0xx.o(HEAP), (512 bytes).
    Removing dflti.o(.text), (40 bytes).
    Removing dfltui.o(.text), (28 bytes).
    Removing cdcmple.o(.text), (40 bytes).
    Removing cdrcmple.o(.text), (40 bytes).
    Removing depilogue.o(.text), (190 bytes).
    Removing depilogue.o(i.__ARM_clz), (46 bytes).

607 unused section(s) (total 32464 bytes) removed from the image.

==============================================================================

Image Symbol Table

    Local Symbols

    Symbol Name                              Value     Ov Type        Size  Object(Section)

    ../clib/../cmprslib/lz77c.c              0x00000000   Number         0  __dclz77c.o ABSOLUTE
    ../clib/microlib/division.c              0x00000000   Number         0  idiv.o ABSOLUTE
    ../clib/microlib/division.c              0x00000000   Number         0  uidiv.o ABSOLUTE
    ../clib/microlib/init/entry.s            0x00000000   Number         0  entry11b.o ABSOLUTE
    ../clib/microlib/init/entry.s            0x00000000   Number         0  entry9a.o ABSOLUTE
    ../clib/microlib/init/entry.s            0x00000000   Number         0  entry8b.o ABSOLUTE
    ../clib/microlib/init/entry.s            0x00000000   Number         0  entry8a.o ABSOLUTE
    ../clib/microlib/init/entry.s            0x00000000   Number         0  entry7b.o ABSOLUTE
    ../clib/microlib/init/entry.s            0x00000000   Number         0  entry10a.o ABSOLUTE
    ../clib/microlib/init/entry.s            0x00000000   Number         0  entry2.o ABSOLUTE
    ../clib/microlib/init/entry.s            0x00000000   Number         0  entry.o ABSOLUTE
    ../clib/microlib/init/entry.s            0x00000000   Number         0  entry7a.o ABSOLUTE
    ../clib/microlib/init/entry.s            0x00000000   Number         0  entry11a.o ABSOLUTE
    ../clib/microlib/init/entry.s            0x00000000   Number         0  entry10b.o ABSOLUTE
    ../clib/microlib/init/entry.s            0x00000000   Number         0  entry5.o ABSOLUTE
    ../clib/microlib/init/entry.s            0x00000000   Number         0  entry9b.o ABSOLUTE
    ../clib/microlib/longlong.c              0x00000000   Number         0  llushr.o ABSOLUTE
    ../clib/microlib/longlong.c              0x00000000   Number         0  llshl.o ABSOLUTE
    ../clib/microlib/stubs.s                 0x00000000   Number         0  iusefp.o ABSOLUTE
    ../fplib/microlib/fpepilogue.c           0x00000000   Number         0  depilogue.o ABSOLUTE
    ../fplib/microlib/fpflt.c                0x00000000   Number         0  dfltui.o ABSOLUTE
    ../fplib/microlib/fpflt.c                0x00000000   Number         0  dflti.o ABSOLUTE
    ..\..\..\Libraries\CMSIS\Device\ST\STM32F0xx\Source\Templates\arm\startup_stm32f0xx.s 0x00000000   Number         0  startup_stm32f0xx.o ABSOLUTE
    ..\..\..\Libraries\STM32F0xx_StdPeriph_Driver\src\eeprom.c 0x00000000   Number         0  eeprom.o ABSOLUTE
    ..\..\..\Libraries\STM32F0xx_StdPeriph_Driver\src\stm32f0xx_adc.c 0x00000000   Number         0  stm32f0xx_adc.o ABSOLUTE
    ..\..\..\Libraries\STM32F0xx_StdPeriph_Driver\src\stm32f0xx_cec.c 0x00000000   Number         0  stm32f0xx_cec.o ABSOLUTE
    ..\..\..\Libraries\STM32F0xx_StdPeriph_Driver\src\stm32f0xx_comp.c 0x00000000   Number         0  stm32f0xx_comp.o ABSOLUTE
    ..\..\..\Libraries\STM32F0xx_StdPeriph_Driver\src\stm32f0xx_crc.c 0x00000000   Number         0  stm32f0xx_crc.o ABSOLUTE
    ..\..\..\Libraries\STM32F0xx_StdPeriph_Driver\src\stm32f0xx_dac.c 0x00000000   Number         0  stm32f0xx_dac.o ABSOLUTE
    ..\..\..\Libraries\STM32F0xx_StdPeriph_Driver\src\stm32f0xx_dbgmcu.c 0x00000000   Number         0  stm32f0xx_dbgmcu.o ABSOLUTE
    ..\..\..\Libraries\STM32F0xx_StdPeriph_Driver\src\stm32f0xx_dma.c 0x00000000   Number         0  stm32f0xx_dma.o ABSOLUTE
    ..\..\..\Libraries\STM32F0xx_StdPeriph_Driver\src\stm32f0xx_exti.c 0x00000000   Number         0  stm32f0xx_exti.o ABSOLUTE
    ..\..\..\Libraries\STM32F0xx_StdPeriph_Driver\src\stm32f0xx_flash.c 0x00000000   Number         0  stm32f0xx_flash.o ABSOLUTE
    ..\..\..\Libraries\STM32F0xx_StdPeriph_Driver\src\stm32f0xx_gpio.c 0x00000000   Number         0  stm32f0xx_gpio.o ABSOLUTE
    ..\..\..\Libraries\STM32F0xx_StdPeriph_Driver\src\stm32f0xx_i2c.c 0x00000000   Number         0  stm32f0xx_i2c.o ABSOLUTE
    ..\..\..\Libraries\STM32F0xx_StdPeriph_Driver\src\stm32f0xx_iwdg.c 0x00000000   Number         0  stm32f0xx_iwdg.o ABSOLUTE
    ..\..\..\Libraries\STM32F0xx_StdPeriph_Driver\src\stm32f0xx_misc.c 0x00000000   Number         0  stm32f0xx_misc.o ABSOLUTE
    ..\..\..\Libraries\STM32F0xx_StdPeriph_Driver\src\stm32f0xx_pwr.c 0x00000000   Number         0  stm32f0xx_pwr.o ABSOLUTE
    ..\..\..\Libraries\STM32F0xx_StdPeriph_Driver\src\stm32f0xx_rcc.c 0x00000000   Number         0  stm32f0xx_rcc.o ABSOLUTE
    ..\..\..\Libraries\STM32F0xx_StdPeriph_Driver\src\stm32f0xx_rtc.c 0x00000000   Number         0  stm32f0xx_rtc.o ABSOLUTE
    ..\..\..\Libraries\STM32F0xx_StdPeriph_Driver\src\stm32f0xx_spi.c 0x00000000   Number         0  stm32f0xx_spi.o ABSOLUTE
    ..\..\..\Libraries\STM32F0xx_StdPeriph_Driver\src\stm32f0xx_syscfg.c 0x00000000   Number         0  stm32f0xx_syscfg.o ABSOLUTE
    ..\..\..\Libraries\STM32F0xx_StdPeriph_Driver\src\stm32f0xx_tim.c 0x00000000   Number         0  stm32f0xx_tim.o ABSOLUTE
    ..\..\..\Libraries\STM32F0xx_StdPeriph_Driver\src\stm32f0xx_usart.c 0x00000000   Number         0  stm32f0xx_usart.o ABSOLUTE
    ..\..\..\Libraries\STM32F0xx_StdPeriph_Driver\src\stm32f0xx_wwdg.c 0x00000000   Number         0  stm32f0xx_wwdg.o ABSOLUTE
    ..\..\..\Utilities\STM32_EVAL\STM320518_EVAL\stm320518_eval.c 0x00000000   Number         0  stm320518_eval.o ABSOLUTE
    ..\..\..\Utilities\STM32_EVAL\STM320518_EVAL\stm320518_eval_lcd.c 0x00000000   Number         0  stm320518_eval_lcd.o ABSOLUTE
    ..\\..\\..\\Libraries\\STM32F0xx_StdPeriph_Driver\\src\\eeprom.c 0x00000000   Number         0  eeprom.o ABSOLUTE
    ..\\..\\..\\Libraries\\STM32F0xx_StdPeriph_Driver\\src\\stm32f0xx_adc.c 0x00000000   Number         0  stm32f0xx_adc.o ABSOLUTE
    ..\\..\\..\\Libraries\\STM32F0xx_StdPeriph_Driver\\src\\stm32f0xx_cec.c 0x00000000   Number         0  stm32f0xx_cec.o ABSOLUTE
    ..\\..\\..\\Libraries\\STM32F0xx_StdPeriph_Driver\\src\\stm32f0xx_comp.c 0x00000000   Number         0  stm32f0xx_comp.o ABSOLUTE
    ..\\..\\..\\Libraries\\STM32F0xx_StdPeriph_Driver\\src\\stm32f0xx_crc.c 0x00000000   Number         0  stm32f0xx_crc.o ABSOLUTE
    ..\\..\\..\\Libraries\\STM32F0xx_StdPeriph_Driver\\src\\stm32f0xx_dac.c 0x00000000   Number         0  stm32f0xx_dac.o ABSOLUTE
    ..\\..\\..\\Libraries\\STM32F0xx_StdPeriph_Driver\\src\\stm32f0xx_dbgmcu.c 0x00000000   Number         0  stm32f0xx_dbgmcu.o ABSOLUTE
    ..\\..\\..\\Libraries\\STM32F0xx_StdPeriph_Driver\\src\\stm32f0xx_dma.c 0x00000000   Number         0  stm32f0xx_dma.o ABSOLUTE
    ..\\..\\..\\Libraries\\STM32F0xx_StdPeriph_Driver\\src\\stm32f0xx_exti.c 0x00000000   Number         0  stm32f0xx_exti.o ABSOLUTE
    ..\\..\\..\\Libraries\\STM32F0xx_StdPeriph_Driver\\src\\stm32f0xx_flash.c 0x00000000   Number         0  stm32f0xx_flash.o ABSOLUTE
    ..\\..\\..\\Libraries\\STM32F0xx_StdPeriph_Driver\\src\\stm32f0xx_gpio.c 0x00000000   Number         0  stm32f0xx_gpio.o ABSOLUTE
    ..\\..\\..\\Libraries\\STM32F0xx_StdPeriph_Driver\\src\\stm32f0xx_i2c.c 0x00000000   Number         0  stm32f0xx_i2c.o ABSOLUTE
    ..\\..\\..\\Libraries\\STM32F0xx_StdPeriph_Driver\\src\\stm32f0xx_iwdg.c 0x00000000   Number         0  stm32f0xx_iwdg.o ABSOLUTE
    ..\\..\\..\\Libraries\\STM32F0xx_StdPeriph_Driver\\src\\stm32f0xx_misc.c 0x00000000   Number         0  stm32f0xx_misc.o ABSOLUTE
    ..\\..\\..\\Libraries\\STM32F0xx_StdPeriph_Driver\\src\\stm32f0xx_pwr.c 0x00000000   Number         0  stm32f0xx_pwr.o ABSOLUTE
    ..\\..\\..\\Libraries\\STM32F0xx_StdPeriph_Driver\\src\\stm32f0xx_rcc.c 0x00000000   Number         0  stm32f0xx_rcc.o ABSOLUTE
    ..\\..\\..\\Libraries\\STM32F0xx_StdPeriph_Driver\\src\\stm32f0xx_rtc.c 0x00000000   Number         0  stm32f0xx_rtc.o ABSOLUTE
    ..\\..\\..\\Libraries\\STM32F0xx_StdPeriph_Driver\\src\\stm32f0xx_spi.c 0x00000000   Number         0  stm32f0xx_spi.o ABSOLUTE
    ..\\..\\..\\Libraries\\STM32F0xx_StdPeriph_Driver\\src\\stm32f0xx_syscfg.c 0x00000000   Number         0  stm32f0xx_syscfg.o ABSOLUTE
    ..\\..\\..\\Libraries\\STM32F0xx_StdPeriph_Driver\\src\\stm32f0xx_tim.c 0x00000000   Number         0  stm32f0xx_tim.o ABSOLUTE
    ..\\..\\..\\Libraries\\STM32F0xx_StdPeriph_Driver\\src\\stm32f0xx_usart.c 0x00000000   Number         0  stm32f0xx_usart.o ABSOLUTE
    ..\\..\\..\\Libraries\\STM32F0xx_StdPeriph_Driver\\src\\stm32f0xx_wwdg.c 0x00000000   Number         0  stm32f0xx_wwdg.o ABSOLUTE
    ..\\..\\..\\Utilities\\STM32_EVAL\\STM320518_EVAL\\stm320518_eval.c 0x00000000   Number         0  stm320518_eval.o ABSOLUTE
    ..\\..\\..\\Utilities\\STM32_EVAL\\STM320518_EVAL\\stm320518_eval_lcd.c 0x00000000   Number         0  stm320518_eval_lcd.o ABSOLUTE
    ..\\main.c                               0x00000000   Number         0  main.o ABSOLUTE
    ..\\stm32f0xx_it.c                       0x00000000   Number         0  stm32f0xx_it.o ABSOLUTE
    ..\\system_stm32f0xx.c                   0x00000000   Number         0  system_stm32f0xx.o ABSOLUTE
    ..\main.c                                0x00000000   Number         0  main.o ABSOLUTE
    ..\stm32f0xx_it.c                        0x00000000   Number         0  stm32f0xx_it.o ABSOLUTE
    ..\system_stm32f0xx.c                    0x00000000   Number         0  system_stm32f0xx.o ABSOLUTE
    cdcmple.s                                0x00000000   Number         0  cdcmple.o ABSOLUTE
    cdrcmple.s                               0x00000000   Number         0  cdrcmple.o ABSOLUTE
    dc.s                                     0x00000000   Number         0  dc.o ABSOLUTE
    handlers.s                               0x00000000   Number         0  handlers.o ABSOLUTE
    init.s                                   0x00000000   Number         0  init.o ABSOLUTE
    RESET                                    0x08000000   Section      192  startup_stm32f0xx.o(RESET)
    .ARM.Collect$$$$00000000                 0x080000c0   Section        0  entry.o(.ARM.Collect$$$$00000000)
    .ARM.Collect$$$$00000001                 0x080000c0   Section        4  entry2.o(.ARM.Collect$$$$00000001)
    .ARM.Collect$$$$00000004                 0x080000c4   Section        4  entry5.o(.ARM.Collect$$$$00000004)
    .ARM.Collect$$$$00000008                 0x080000c8   Section        0  entry7b.o(.ARM.Collect$$$$00000008)
    .ARM.Collect$$$$0000000A                 0x080000c8   Section        0  entry8b.o(.ARM.Collect$$$$0000000A)
    .ARM.Collect$$$$0000000B                 0x080000c8   Section        8  entry9a.o(.ARM.Collect$$$$0000000B)
    .ARM.Collect$$$$0000000D                 0x080000d0   Section        0  entry10a.o(.ARM.Collect$$$$0000000D)
    .ARM.Collect$$$$0000000F                 0x080000d0   Section        0  entry11a.o(.ARM.Collect$$$$0000000F)
    .ARM.Collect$$$$00002712                 0x080000d0   Section        4  entry2.o(.ARM.Collect$$$$00002712)
    __lit__00000000                          0x080000d0   Data           4  entry2.o(.ARM.Collect$$$$00002712)
    .text                                    0x080000d4   Section       28  startup_stm32f0xx.o(.text)
    .text                                    0x080000f0   Section        0  uidiv.o(.text)
    .text                                    0x0800011c   Section       36  init.o(.text)
    .text                                    0x08000140   Section        0  __dclz77c.o(.text)
    i.BuffOneCH                              0x080001a0   Section        0  main.o(i.BuffOneCH)
    i.Clr_RxBuffer                           0x080001c0   Section        0  main.o(i.Clr_RxBuffer)
    i.ConfigureWiFi                          0x080001e0   Section        0  main.o(i.ConfigureWiFi)
    i.Delay                                  0x08000648   Section        0  main.o(i.Delay)
    i.Fill_Buffer                            0x0800065c   Section        0  main.o(i.Fill_Buffer)
    Fill_Buffer                              0x0800065d   Thumb Code    18  main.o(i.Fill_Buffer)
    i.GPIO_Init                              0x0800066e   Section        0  stm32f0xx_gpio.o(i.GPIO_Init)
    i.GPIO_PinAFConfig                       0x080006de   Section        0  stm32f0xx_gpio.o(i.GPIO_PinAFConfig)
    i.GPIO_ReadInputDataBit                  0x080006fe   Section        0  stm32f0xx_gpio.o(i.GPIO_ReadInputDataBit)
    i.GPIO_ResetBits                         0x0800070c   Section        0  stm32f0xx_gpio.o(i.GPIO_ResetBits)
    i.GPIO_SetBits                           0x08000710   Section        0  stm32f0xx_gpio.o(i.GPIO_SetBits)
    i.HardFault_Handler                      0x08000714   Section        0  stm32f0xx_it.o(i.HardFault_Handler)
    i.LoadAppropite_LedPage                  0x08000718   Section        0  main.o(i.LoadAppropite_LedPage)
    i.NMI_Handler                            0x08000950   Section        0  stm32f0xx_it.o(i.NMI_Handler)
    i.NVIC_Config                            0x08000952   Section        0  main.o(i.NVIC_Config)
    i.NVIC_Init                              0x08000978   Section        0  stm32f0xx_misc.o(i.NVIC_Init)
    i.PA0_InFloating                         0x080009c8   Section        0  main.o(i.PA0_InFloating)
    i.PC6PC8andPC9output                     0x080009e8   Section        0  main.o(i.PC6PC8andPC9output)
    i.PendSV_Handler                         0x08000a14   Section        0  stm32f0xx_it.o(i.PendSV_Handler)
    i.RCC_AHBPeriphClockCmd                  0x08000a18   Section        0  stm32f0xx_rcc.o(i.RCC_AHBPeriphClockCmd)
    i.RCC_APB1PeriphClockCmd                 0x08000a30   Section        0  stm32f0xx_rcc.o(i.RCC_APB1PeriphClockCmd)
    i.RCC_APB2PeriphClockCmd                 0x08000a48   Section        0  stm32f0xx_rcc.o(i.RCC_APB2PeriphClockCmd)
    i.RCC_GetClocksFreq                      0x08000a60   Section        0  stm32f0xx_rcc.o(i.RCC_GetClocksFreq)
    i.ResetSTMWiFIModule_retainsLEDs         0x08000b48   Section        0  main.o(i.ResetSTMWiFIModule_retainsLEDs)
    i.STM_EVAL_COMInit                       0x08000b90   Section        0  stm320518_eval.o(i.STM_EVAL_COMInit)
    i.STM_EVAL_COM_2_Init                    0x08000c2c   Section        0  main.o(i.STM_EVAL_COM_2_Init)
    i.SVC_Handler                            0x08000c9c   Section        0  stm32f0xx_it.o(i.SVC_Handler)
    i.Search_B2inB1                          0x08000c9e   Section        0  main.o(i.Search_B2inB1)
    i.SetSysClock                            0x08000cd4   Section        0  system_stm32f0xx.o(i.SetSysClock)
    SetSysClock                              0x08000cd5   Thumb Code    80  system_stm32f0xx.o(i.SetSysClock)
    i.SysTick_Handler                        0x08000d2c   Section        0  stm32f0xx_it.o(i.SysTick_Handler)
    i.SystemInit                             0x08000d80   Section        0  system_stm32f0xx.o(i.SystemInit)
    i.TestRxCommand                          0x08000de0   Section        0  main.o(i.TestRxCommand)
    i.TimingDelay_Decrement                  0x08001018   Section        0  main.o(i.TimingDelay_Decrement)
    i.USART1_IRQHandler                      0x0800102c   Section        0  stm32f0xx_it.o(i.USART1_IRQHandler)
    i.USART2_IRQHandler                      0x08001060   Section        0  stm32f0xx_it.o(i.USART2_IRQHandler)
    i.USART_Cmd                              0x080010b8   Section        0  stm32f0xx_usart.o(i.USART_Cmd)
    i.USART_GetFlagStatus                    0x080010cc   Section        0  stm32f0xx_usart.o(i.USART_GetFlagStatus)
    i.USART_GetITStatus                      0x080010da   Section        0  stm32f0xx_usart.o(i.USART_GetITStatus)
    i.USART_ITConfig                         0x08001112   Section        0  stm32f0xx_usart.o(i.USART_ITConfig)
    i.USART_Init                             0x0800113c   Section        0  stm32f0xx_usart.o(i.USART_Init)
    i.USART_ReceiveData                      0x080011c8   Section        0  stm32f0xx_usart.o(i.USART_ReceiveData)
    i.USART_SendData                         0x080011d0   Section        0  stm32f0xx_usart.o(i.USART_SendData)
    i.__scatterload_copy                     0x080011d8   Section       14  handlers.o(i.__scatterload_copy)
    i.__scatterload_null                     0x080011e6   Section        2  handlers.o(i.__scatterload_null)
    i.__scatterload_zeroinit                 0x080011e8   Section       14  handlers.o(i.__scatterload_zeroinit)
    i.main                                   0x080011f8   Section        0  main.o(i.main)
    .constdata                               0x08001310   Section      148  stm320518_eval.o(.constdata)
    .data                                    0x20000000   Section     1187  main.o(.data)
    TimingDelay                              0x2000000c   Data           4  main.o(.data)
    .data                                    0x200004a4   Section        2  main.o(.data)
    .data                                    0x200004a6   Section        2  main.o(.data)
    .data                                    0x200004a8   Section        2  main.o(.data)
    .data                                    0x200004aa   Section       16  stm32f0xx_rcc.o(.data)
    APBAHBPrescTable                         0x200004aa   Data          16  stm32f0xx_rcc.o(.data)
    .data                                    0x200004bc   Section       20  system_stm32f0xx.o(.data)
    .data                                    0x200004d0   Section       56  stm320518_eval.o(.data)
    .bss                                     0x20000508   Section     2072  main.o(.bss)
    STACK                                    0x20000d20   Section     1024  startup_stm32f0xx.o(STACK)

    Global Symbols

    Symbol Name                              Value     Ov Type        Size  Object(Section)

    BuildAttributes$$THM_ISAv3M$S$PE$A:L22$X:L11$S22$IEEE1$IW$USESV6$~STKCKD$USESV7$~SHL$OSPACE$ROPI$EBA8$MICROLIB$REQ8$PRES8$EABIv2 0x00000000   Number         0  anon$$obj.o ABSOLUTE
    __ARM_use_no_argv                        0x00000000   Number         0  main.o ABSOLUTE
    __cpp_initialize__aeabi_                  - Undefined Weak Reference
    __cxa_finalize                            - Undefined Weak Reference
    _clock_init                               - Undefined Weak Reference
    _microlib_exit                            - Undefined Weak Reference
    __Vectors_Size                           0x000000c0   Number         0  startup_stm32f0xx.o ABSOLUTE
    __Vectors                                0x08000000   Data           4  startup_stm32f0xx.o(RESET)
    __Vectors_End                            0x080000c0   Data           0  startup_stm32f0xx.o(RESET)
    __main                                   0x080000c1   Thumb Code     0  entry.o(.ARM.Collect$$$$00000000)
    _main_stk                                0x080000c1   Thumb Code     0  entry2.o(.ARM.Collect$$$$00000001)
    _main_scatterload                        0x080000c5   Thumb Code     0  entry5.o(.ARM.Collect$$$$00000004)
    __main_after_scatterload                 0x080000c9   Thumb Code     0  entry5.o(.ARM.Collect$$$$00000004)
    _main_clock                              0x080000c9   Thumb Code     0  entry7b.o(.ARM.Collect$$$$00000008)
    _main_cpp_init                           0x080000c9   Thumb Code     0  entry8b.o(.ARM.Collect$$$$0000000A)
    _main_init                               0x080000c9   Thumb Code     0  entry9a.o(.ARM.Collect$$$$0000000B)
    __rt_final_cpp                           0x080000d1   Thumb Code     0  entry10a.o(.ARM.Collect$$$$0000000D)
    __rt_final_exit                          0x080000d1   Thumb Code     0  entry11a.o(.ARM.Collect$$$$0000000F)
    Reset_Handler                            0x080000d5   Thumb Code     8  startup_stm32f0xx.o(.text)
    ADC1_COMP_IRQHandler                     0x080000e7   Thumb Code     0  startup_stm32f0xx.o(.text)
    CEC_IRQHandler                           0x080000e7   Thumb Code     0  startup_stm32f0xx.o(.text)
    DMA1_Channel1_IRQHandler                 0x080000e7   Thumb Code     0  startup_stm32f0xx.o(.text)
    DMA1_Channel2_3_IRQHandler               0x080000e7   Thumb Code     0  startup_stm32f0xx.o(.text)
    DMA1_Channel4_5_IRQHandler               0x080000e7   Thumb Code     0  startup_stm32f0xx.o(.text)
    EXTI0_1_IRQHandler                       0x080000e7   Thumb Code     0  startup_stm32f0xx.o(.text)
    EXTI2_3_IRQHandler                       0x080000e7   Thumb Code     0  startup_stm32f0xx.o(.text)
    EXTI4_15_IRQHandler                      0x080000e7   Thumb Code     0  startup_stm32f0xx.o(.text)
    FLASH_IRQHandler                         0x080000e7   Thumb Code     0  startup_stm32f0xx.o(.text)
    I2C1_IRQHandler                          0x080000e7   Thumb Code     0  startup_stm32f0xx.o(.text)
    I2C2_IRQHandler                          0x080000e7   Thumb Code     0  startup_stm32f0xx.o(.text)
    PVD_IRQHandler                           0x080000e7   Thumb Code     0  startup_stm32f0xx.o(.text)
    RCC_IRQHandler                           0x080000e7   Thumb Code     0  startup_stm32f0xx.o(.text)
    RTC_IRQHandler                           0x080000e7   Thumb Code     0  startup_stm32f0xx.o(.text)
    SPI1_IRQHandler                          0x080000e7   Thumb Code     0  startup_stm32f0xx.o(.text)
    SPI2_IRQHandler                          0x080000e7   Thumb Code     0  startup_stm32f0xx.o(.text)
    TIM14_IRQHandler                         0x080000e7   Thumb Code     0  startup_stm32f0xx.o(.text)
    TIM15_IRQHandler                         0x080000e7   Thumb Code     0  startup_stm32f0xx.o(.text)
    TIM16_IRQHandler                         0x080000e7   Thumb Code     0  startup_stm32f0xx.o(.text)
    TIM17_IRQHandler                         0x080000e7   Thumb Code     0  startup_stm32f0xx.o(.text)
    TIM1_BRK_UP_TRG_COM_IRQHandler           0x080000e7   Thumb Code     0  startup_stm32f0xx.o(.text)
    TIM1_CC_IRQHandler                       0x080000e7   Thumb Code     0  startup_stm32f0xx.o(.text)
    TIM2_IRQHandler                          0x080000e7   Thumb Code     0  startup_stm32f0xx.o(.text)
    TIM3_IRQHandler                          0x080000e7   Thumb Code     0  startup_stm32f0xx.o(.text)
    TIM6_DAC_IRQHandler                      0x080000e7   Thumb Code     0  startup_stm32f0xx.o(.text)
    TS_IRQHandler                            0x080000e7   Thumb Code     0  startup_stm32f0xx.o(.text)
    WWDG_IRQHandler                          0x080000e7   Thumb Code     0  startup_stm32f0xx.o(.text)
    __aeabi_uidiv                            0x080000f1   Thumb Code     0  uidiv.o(.text)
    __aeabi_uidivmod                         0x080000f1   Thumb Code    44  uidiv.o(.text)
    __scatterload                            0x0800011d   Thumb Code    28  init.o(.text)
    __scatterload_rt2                        0x0800011d   Thumb Code     0  init.o(.text)
    __decompress                             0x08000141   Thumb Code     0  __dclz77c.o(.text)
    __decompress2                            0x08000141   Thumb Code    96  __dclz77c.o(.text)
    BuffOneCH                                0x080001a1   Thumb Code    32  main.o(i.BuffOneCH)
    Clr_RxBuffer                             0x080001c1   Thumb Code    18  main.o(i.Clr_RxBuffer)
    ConfigureWiFi                            0x080001e1   Thumb Code  1124  main.o(i.ConfigureWiFi)
    Delay                                    0x08000649   Thumb Code    16  main.o(i.Delay)
    GPIO_Init                                0x0800066f   Thumb Code   112  stm32f0xx_gpio.o(i.GPIO_Init)
    GPIO_PinAFConfig                         0x080006df   Thumb Code    32  stm32f0xx_gpio.o(i.GPIO_PinAFConfig)
    GPIO_ReadInputDataBit                    0x080006ff   Thumb Code    14  stm32f0xx_gpio.o(i.GPIO_ReadInputDataBit)
    GPIO_ResetBits                           0x0800070d   Thumb Code     4  stm32f0xx_gpio.o(i.GPIO_ResetBits)
    GPIO_SetBits                             0x08000711   Thumb Code     4  stm32f0xx_gpio.o(i.GPIO_SetBits)
    HardFault_Handler                        0x08000715   Thumb Code     2  stm32f0xx_it.o(i.HardFault_Handler)
    LoadAppropite_LedPage                    0x08000719   Thumb Code   530  main.o(i.LoadAppropite_LedPage)
    NMI_Handler                              0x08000951   Thumb Code     2  stm32f0xx_it.o(i.NMI_Handler)
    NVIC_Config                              0x08000953   Thumb Code    36  main.o(i.NVIC_Config)
    NVIC_Init                                0x08000979   Thumb Code    70  stm32f0xx_misc.o(i.NVIC_Init)
    PA0_InFloating                           0x080009c9   Thumb Code    32  main.o(i.PA0_InFloating)
    PC6PC8andPC9output                       0x080009e9   Thumb Code    40  main.o(i.PC6PC8andPC9output)
    PendSV_Handler                           0x08000a15   Thumb Code     2  stm32f0xx_it.o(i.PendSV_Handler)
    RCC_AHBPeriphClockCmd                    0x08000a19   Thumb Code    18  stm32f0xx_rcc.o(i.RCC_AHBPeriphClockCmd)
    RCC_APB1PeriphClockCmd                   0x08000a31   Thumb Code    18  stm32f0xx_rcc.o(i.RCC_APB1PeriphClockCmd)
    RCC_APB2PeriphClockCmd                   0x08000a49   Thumb Code    18  stm32f0xx_rcc.o(i.RCC_APB2PeriphClockCmd)
    RCC_GetClocksFreq                        0x08000a61   Thumb Code   208  stm32f0xx_rcc.o(i.RCC_GetClocksFreq)
    ResetSTMWiFIModule_retainsLEDs           0x08000b49   Thumb Code    64  main.o(i.ResetSTMWiFIModule_retainsLEDs)
    STM_EVAL_COMInit                         0x08000b91   Thumb Code   148  stm320518_eval.o(i.STM_EVAL_COMInit)
    STM_EVAL_COM_2_Init                      0x08000c2d   Thumb Code   108  main.o(i.STM_EVAL_COM_2_Init)
    SVC_Handler                              0x08000c9d   Thumb Code     2  stm32f0xx_it.o(i.SVC_Handler)
    Search_B2inB1                            0x08000c9f   Thumb Code    52  main.o(i.Search_B2inB1)
    SysTick_Handler                          0x08000d2d   Thumb Code    68  stm32f0xx_it.o(i.SysTick_Handler)
    SystemInit                               0x08000d81   Thumb Code    84  system_stm32f0xx.o(i.SystemInit)
    TestRxCommand                            0x08000de1   Thumb Code   508  main.o(i.TestRxCommand)
    TimingDelay_Decrement                    0x08001019   Thumb Code    16  main.o(i.TimingDelay_Decrement)
    USART1_IRQHandler                        0x0800102d   Thumb Code    36  stm32f0xx_it.o(i.USART1_IRQHandler)
    USART2_IRQHandler                        0x08001061   Thumb Code    60  stm32f0xx_it.o(i.USART2_IRQHandler)
    USART_Cmd                                0x080010b9   Thumb Code    20  stm32f0xx_usart.o(i.USART_Cmd)
    USART_GetFlagStatus                      0x080010cd   Thumb Code    14  stm32f0xx_usart.o(i.USART_GetFlagStatus)
    USART_GetITStatus                        0x080010db   Thumb Code    56  stm32f0xx_usart.o(i.USART_GetITStatus)
    USART_ITConfig                           0x08001113   Thumb Code    42  stm32f0xx_usart.o(i.USART_ITConfig)
    USART_Init                               0x0800113d   Thumb Code   128  stm32f0xx_usart.o(i.USART_Init)
    USART_ReceiveData                        0x080011c9   Thumb Code     8  stm32f0xx_usart.o(i.USART_ReceiveData)
    USART_SendData                           0x080011d1   Thumb Code     8  stm32f0xx_usart.o(i.USART_SendData)
    __scatterload_copy                       0x080011d9   Thumb Code    14  handlers.o(i.__scatterload_copy)
    __scatterload_null                       0x080011e7   Thumb Code     2  handlers.o(i.__scatterload_null)
    __scatterload_zeroinit                   0x080011e9   Thumb Code    14  handlers.o(i.__scatterload_zeroinit)
    main                                     0x080011f9   Thumb Code   230  main.o(i.main)
    COM_TX_PIN                               0x08001310   Data           2  stm320518_eval.o(.constdata)
    COM_RX_PIN                               0x08001312   Data           2  stm320518_eval.o(.constdata)
    COM_TX_PIN_SOURCE                        0x08001314   Data           2  stm320518_eval.o(.constdata)
    COM_RX_PIN_SOURCE                        0x08001316   Data           2  stm320518_eval.o(.constdata)
    COM_TX_AF                                0x08001318   Data           2  stm320518_eval.o(.constdata)
    COM_RX_AF                                0x0800131a   Data           2  stm320518_eval.o(.constdata)
    COM_USART_CLK                            0x0800131c   Data           4  stm320518_eval.o(.constdata)
    COM_TX_PORT_CLK                          0x08001320   Data           4  stm320518_eval.o(.constdata)
    COM_RX_PORT_CLK                          0x08001324   Data           4  stm320518_eval.o(.constdata)
    GPIO_PIN                                 0x08001328   Data           8  stm320518_eval.o(.constdata)
    GPIO_CLK                                 0x08001330   Data          16  stm320518_eval.o(.constdata)
    BUTTON_PIN                               0x08001340   Data          14  stm320518_eval.o(.constdata)
    BUTTON_CLK                               0x08001350   Data          28  stm320518_eval.o(.constdata)
    BUTTON_EXTI_LINE                         0x0800136c   Data          14  stm320518_eval.o(.constdata)
    BUTTON_PORT_SOURCE                       0x0800137a   Data          14  stm320518_eval.o(.constdata)
    BUTTON_PIN_SOURCE                        0x08001388   Data          14  stm320518_eval.o(.constdata)
    BUTTON_IRQn                              0x08001396   Data          14  stm320518_eval.o(.constdata)
    Region$$Table$$Base                      0x080013a4   Number         0  anon$$obj.o(Region$$Table)
    Region$$Table$$Limit                     0x080013c4   Number         0  anon$$obj.o(Region$$Table)
    LedG                                     0x20000000   Data           1  main.o(.data)
    LedB                                     0x20000001   Data           1  main.o(.data)
    LBflash                                  0x20000002   Data           1  main.o(.data)
    LGflash                                  0x20000003   Data           1  main.o(.data)
    Tasto                                    0x20000004   Data           1  main.o(.data)
    MemTasto                                 0x20000005   Data           1  main.o(.data)
    RxCount                                  0x20000006   Data           2  main.o(.data)
    LungBuff                                 0x20000008   Data           2  main.o(.data)
    Cont                                     0x2000000a   Data           2  main.o(.data)
    TxBuffer_FAIL5                           0x20000010   Data           7  main.o(.data)
    TxBuffer_RouterSaveSettings              0x20000017   Data           7  main.o(.data)
    TxBuffer_FAIL1                           0x2000001e   Data          18  main.o(.data)
    TxBuffer_FAIL2                           0x20000030   Data          18  main.o(.data)
    TxBuffer_FAIL3                           0x20000042   Data          17  main.o(.data)
    TxBuffer_FAIL4                           0x20000053   Data          31  main.o(.data)
    TxBuffer_RouterName                      0x20000072   Data          24  main.o(.data)
    TxBuffer_RouterPW                        0x2000008a   Data          39  main.o(.data)
    TxBuffer_RouterPotectionMode             0x200000b1   Data          29  main.o(.data)
    TxBuffer_RouterRadioInSTAMode            0x200000ce   Data          24  main.o(.data)
    TxBuffer_RouterDHCPclient                0x200000e6   Data          26  main.o(.data)
    TxBuffer_RouterSoftReset                 0x20000100   Data          12  main.o(.data)
    TxBuffer_Delete_led_page                 0x2000010c   Data          21  main.o(.data)
    TxBuffer_Prepare_led_page                0x20000121   Data          25  main.o(.data)
    TxBuffer_Prepare_led_page_upload         0x2000013a   Data          25  main.o(.data)
    TxBuffer_led_pageLVoffLBoff              0x20000153   Data         212  main.o(.data)
    TxBuffer_led_pageLVonLBoff               0x20000227   Data         212  main.o(.data)
    TxBuffer_led_pageLVonLBon                0x200002fb   Data         212  main.o(.data)
    TxBuffer_led_pageLVoffLBon               0x200003cf   Data         212  main.o(.data)
    RxChar                                   0x200004a4   Data           2  main.o(.data)
    RxChar_USART2                            0x200004a6   Data           2  main.o(.data)
    TLampeggio                               0x200004a8   Data           2  main.o(.data)
    SystemCoreClock                          0x200004bc   Data           4  system_stm32f0xx.o(.data)
    AHBPrescTable                            0x200004c0   Data          16  system_stm32f0xx.o(.data)
    COM_USART                                0x200004d0   Data           4  stm320518_eval.o(.data)
    COM_TX_PORT                              0x200004d4   Data           4  stm320518_eval.o(.data)
    COM_RX_PORT                              0x200004d8   Data           4  stm320518_eval.o(.data)
    GPIO_PORT                                0x200004dc   Data          16  stm320518_eval.o(.data)
    BUTTON_PORT                              0x200004ec   Data          28  stm320518_eval.o(.data)
    RxBuffer                                 0x20000508   Data        2046  main.o(.bss)
    USART_InitStructure                      0x20000d08   Data          24  main.o(.bss)
    __initial_sp                             0x20001120   Data           0  startup_stm32f0xx.o(STACK)



==============================================================================

Memory Map of the image

  Image Entry point : 0x080000c1

  Load Region LR_IROM1 (Base: 0x08000000, Size: 0x000018cc, Max: 0x00010000, ABSOLUTE, COMPRESSED[0x00001590])

    Execution Region ER_IROM1 (Exec base: 0x08000000, Load base: 0x08000000, Size: 0x000013c4, Max: 0x00010000, ABSOLUTE)

    Exec Addr    Load Addr    Size         Type   Attr      Idx    E Section Name        Object

    0x08000000   0x08000000   0x000000c0   Data   RO         4068    RESET               startup_stm32f0xx.o
    0x080000c0   0x080000c0   0x00000000   Code   RO         4073  * .ARM.Collect$$$$00000000  mc_p.l(entry.o)
    0x080000c0   0x080000c0   0x00000004   Code   RO         4088    .ARM.Collect$$$$00000001  mc_p.l(entry2.o)
    0x080000c4   0x080000c4   0x00000004   Code   RO         4091    .ARM.Collect$$$$00000004  mc_p.l(entry5.o)
    0x080000c8   0x080000c8   0x00000000   Code   RO         4093    .ARM.Collect$$$$00000008  mc_p.l(entry7b.o)
    0x080000c8   0x080000c8   0x00000000   Code   RO         4095    .ARM.Collect$$$$0000000A  mc_p.l(entry8b.o)
    0x080000c8   0x080000c8   0x00000008   Code   RO         4096    .ARM.Collect$$$$0000000B  mc_p.l(entry9a.o)
    0x080000d0   0x080000d0   0x00000000   Code   RO         4098    .ARM.Collect$$$$0000000D  mc_p.l(entry10a.o)
    0x080000d0   0x080000d0   0x00000000   Code   RO         4100    .ARM.Collect$$$$0000000F  mc_p.l(entry11a.o)
    0x080000d0   0x080000d0   0x00000004   Code   RO         4089    .ARM.Collect$$$$00002712  mc_p.l(entry2.o)
    0x080000d4   0x080000d4   0x0000001c   Code   RO         4069    .text               startup_stm32f0xx.o
    0x080000f0   0x080000f0   0x0000002c   Code   RO         4076    .text               mc_p.l(uidiv.o)
    0x0800011c   0x0800011c   0x00000024   Code   RO         4107    .text               mc_p.l(init.o)
    0x08000140   0x08000140   0x00000060   Code   RO         4121    .text               mc_p.l(__dclz77c.o)
    0x080001a0   0x080001a0   0x00000020   Code   RO            3    i.BuffOneCH         main.o
    0x080001c0   0x080001c0   0x00000020   Code   RO            4    i.Clr_RxBuffer      main.o
    0x080001e0   0x080001e0   0x00000468   Code   RO            5    i.ConfigureWiFi     main.o
    0x08000648   0x08000648   0x00000014   Code   RO            6    i.Delay             main.o
    0x0800065c   0x0800065c   0x00000012   Code   RO            7    i.Fill_Buffer       main.o
    0x0800066e   0x0800066e   0x00000070   Code   RO         1345    i.GPIO_Init         stm32f0xx_gpio.o
    0x080006de   0x080006de   0x00000020   Code   RO         1346    i.GPIO_PinAFConfig  stm32f0xx_gpio.o
    0x080006fe   0x080006fe   0x0000000e   Code   RO         1349    i.GPIO_ReadInputDataBit  stm32f0xx_gpio.o
    0x0800070c   0x0800070c   0x00000004   Code   RO         1352    i.GPIO_ResetBits    stm32f0xx_gpio.o
    0x08000710   0x08000710   0x00000004   Code   RO         1353    i.GPIO_SetBits      stm32f0xx_gpio.o
    0x08000714   0x08000714   0x00000002   Code   RO          236    i.HardFault_Handler  stm32f0xx_it.o
    0x08000716   0x08000716   0x00000002   PAD
    0x08000718   0x08000718   0x00000238   Code   RO            8    i.LoadAppropite_LedPage  main.o
    0x08000950   0x08000950   0x00000002   Code   RO          237    i.NMI_Handler       stm32f0xx_it.o
    0x08000952   0x08000952   0x00000024   Code   RO            9    i.NVIC_Config       main.o
    0x08000976   0x08000976   0x00000002   PAD
    0x08000978   0x08000978   0x00000050   Code   RO         1764    i.NVIC_Init         stm32f0xx_misc.o
    0x080009c8   0x080009c8   0x00000020   Code   RO           10    i.PA0_InFloating    main.o
    0x080009e8   0x080009e8   0x0000002c   Code   RO           11    i.PC6PC8andPC9output  main.o
    0x08000a14   0x08000a14   0x00000002   Code   RO          238    i.PendSV_Handler    stm32f0xx_it.o
    0x08000a16   0x08000a16   0x00000002   PAD
    0x08000a18   0x08000a18   0x00000018   Code   RO         1874    i.RCC_AHBPeriphClockCmd  stm32f0xx_rcc.o
    0x08000a30   0x08000a30   0x00000018   Code   RO         1876    i.RCC_APB1PeriphClockCmd  stm32f0xx_rcc.o
    0x08000a48   0x08000a48   0x00000018   Code   RO         1878    i.RCC_APB2PeriphClockCmd  stm32f0xx_rcc.o
    0x08000a60   0x08000a60   0x000000e8   Code   RO         1888    i.RCC_GetClocksFreq  stm32f0xx_rcc.o
    0x08000b48   0x08000b48   0x00000048   Code   RO           13    i.ResetSTMWiFIModule_retainsLEDs  main.o
    0x08000b90   0x08000b90   0x0000009c   Code   RO         3976    i.STM_EVAL_COMInit  stm320518_eval.o
    0x08000c2c   0x08000c2c   0x00000070   Code   RO           14    i.STM_EVAL_COM_2_Init  main.o
    0x08000c9c   0x08000c9c   0x00000002   Code   RO          239    i.SVC_Handler       stm32f0xx_it.o
    0x08000c9e   0x08000c9e   0x00000034   Code   RO           15    i.Search_B2inB1     main.o
    0x08000cd2   0x08000cd2   0x00000002   PAD
    0x08000cd4   0x08000cd4   0x00000058   Code   RO         3629    i.SetSysClock       system_stm32f0xx.o
    0x08000d2c   0x08000d2c   0x00000054   Code   RO          240    i.SysTick_Handler   stm32f0xx_it.o
    0x08000d80   0x08000d80   0x00000060   Code   RO         3631    i.SystemInit        system_stm32f0xx.o
    0x08000de0   0x08000de0   0x00000238   Code   RO           16    i.TestRxCommand     main.o
    0x08001018   0x08001018   0x00000014   Code   RO           17    i.TimingDelay_Decrement  main.o
    0x0800102c   0x0800102c   0x00000034   Code   RO          241    i.USART1_IRQHandler  stm32f0xx_it.o
    0x08001060   0x08001060   0x00000058   Code   RO          242    i.USART2_IRQHandler  stm32f0xx_it.o
    0x080010b8   0x080010b8   0x00000014   Code   RO         3263    i.USART_Cmd         stm32f0xx_usart.o
    0x080010cc   0x080010cc   0x0000000e   Code   RO         3271    i.USART_GetFlagStatus  stm32f0xx_usart.o
    0x080010da   0x080010da   0x00000038   Code   RO         3272    i.USART_GetITStatus  stm32f0xx_usart.o
    0x08001112   0x08001112   0x0000002a   Code   RO         3274    i.USART_ITConfig    stm32f0xx_usart.o
    0x0800113c   0x0800113c   0x0000008c   Code   RO         3275    i.USART_Init        stm32f0xx_usart.o
    0x080011c8   0x080011c8   0x00000008   Code   RO         3287    i.USART_ReceiveData  stm32f0xx_usart.o
    0x080011d0   0x080011d0   0x00000008   Code   RO         3292    i.USART_SendData    stm32f0xx_usart.o
    0x080011d8   0x080011d8   0x0000000e   Code   RO         4115    i.__scatterload_copy  mc_p.l(handlers.o)
    0x080011e6   0x080011e6   0x00000002   Code   RO         4116    i.__scatterload_null  mc_p.l(handlers.o)
    0x080011e8   0x080011e8   0x0000000e   Code   RO         4117    i.__scatterload_zeroinit  mc_p.l(handlers.o)
    0x080011f6   0x080011f6   0x00000002   PAD
    0x080011f8   0x080011f8   0x00000118   Code   RO           18    i.main              main.o
    0x08001310   0x08001310   0x00000094   Data   RO         3985    .constdata          stm320518_eval.o
    0x080013a4   0x080013a4   0x00000020   Data   RO         4113    Region$$Table       anon$$obj.o


    Execution Region RW_IRAM1 (Exec base: 0x20000000, Load base: 0x080013c4, Size: 0x00001120, Max: 0x00002000, ABSOLUTE, COMPRESSED[0x000001cc])

    Exec Addr    Load Addr    Size         Type   Attr      Idx    E Section Name        Object

    0x20000000   COMPRESSED   0x000004a3   Data   RW           21    .data               main.o
    0x200004a3   COMPRESSED   0x00000001   PAD
    0x200004a4   COMPRESSED   0x00000002   Data   RW           30    .data               main.o
    0x200004a6   COMPRESSED   0x00000002   Data   RW           31    .data               main.o
    0x200004a8   COMPRESSED   0x00000002   Data   RW           32    .data               main.o
    0x200004aa   COMPRESSED   0x00000010   Data   RW         1912    .data               stm32f0xx_rcc.o
    0x200004ba   COMPRESSED   0x00000002   PAD
    0x200004bc   COMPRESSED   0x00000014   Data   RW         3632    .data               system_stm32f0xx.o
    0x200004d0   COMPRESSED   0x00000038   Data   RW         3986    .data               stm320518_eval.o
    0x20000508        -       0x00000818   Zero   RW           19    .bss                main.o
    0x20000d20        -       0x00000400   Zero   RW         4066    STACK               startup_stm32f0xx.o


==============================================================================

Image component sizes


      Code (inc. data)   RO Data    RW Data    ZI Data      Debug   Object Name

         0          0          0          0          0      93976   eeprom.o
      3014        232          0       1193       2072     123731   main.o
        28          8        192          0       1024        836   startup_stm32f0xx.o
       156          8        148         56          0       2867   stm320518_eval.o
         0          0          0          0          0       6136   stm320518_eval_lcd.o
       166          0          0          0          0       9039   stm32f0xx_gpio.o
       232         60          0          0          0       3755   stm32f0xx_it.o
        80         10          0          0          0       2472   stm32f0xx_misc.o
       304         42          0         16          0      14934   stm32f0xx_rcc.o
       288         12          0          0          0      16257   stm32f0xx_usart.o
       184         20          0         20          0       1973   system_stm32f0xx.o

    ----------------------------------------------------------------------
      4460        392        372       1288       3096     275976   Object Totals
         0          0         32          0          0          0   (incl. Generated)
         8          0          0          3          0          0   (incl. Padding)

    ----------------------------------------------------------------------

      Code (inc. data)   RO Data    RW Data    ZI Data      Debug   Library Member Name

        96          0          0          0          0          0   __dclz77c.o
         0          0          0          0          0          0   entry.o
         0          0          0          0          0          0   entry10a.o
         0          0          0          0          0          0   entry11a.o
         8          4          0          0          0          0   entry2.o
         4          0          0          0          0          0   entry5.o
         0          0          0          0          0          0   entry7b.o
         0          0          0          0          0          0   entry8b.o
         8          4          0          0          0          0   entry9a.o
        30          0          0          0          0          0   handlers.o
        36          8          0          0          0         68   init.o
        44          0          0          0          0         72   uidiv.o

    ----------------------------------------------------------------------
       228         16          0          0          0        140   Library Totals
         2          0          0          0          0          0   (incl. Padding)

    ----------------------------------------------------------------------

      Code (inc. data)   RO Data    RW Data    ZI Data      Debug   Library Name

       226         16          0          0          0        140   mc_p.l

    ----------------------------------------------------------------------
       228         16          0          0          0        140   Library Totals

    ----------------------------------------------------------------------

==============================================================================


      Code (inc. data)   RO Data    RW Data    ZI Data      Debug   

      4688        408        372       1288       3096     274756   Grand Totals
      4688        408        372        460       3096     274756   ELF Image Totals (compressed)
      4688        408        372        460          0          0   ROM Totals

==============================================================================

    Total RO  Size (Code + RO Data)                 5060 (   4.94kB)
    Total RW  Size (RW Data + ZI Data)              4384 (   4.28kB)
    Total ROM Size (Code + RO Data + RW Data)       5520 (   5.39kB)

==============================================================================

